Component: ARM Compiler 5.06 update 5 (build 528) Tool: armlink [4d35e2]

==============================================================================

Section Cross References

    startup_stm32f10x_md.o(RESET) refers to startup_stm32f10x_md.o(STACK) for __initial_sp
    startup_stm32f10x_md.o(RESET) refers to startup_stm32f10x_md.o(.text) for Reset_Handler
    startup_stm32f10x_md.o(RESET) refers to stm32f10x_it.o(i.NMI_Handler) for NMI_Handler
    startup_stm32f10x_md.o(RESET) refers to stm32f10x_it.o(i.HardFault_Handler) for HardFault_Handler
    startup_stm32f10x_md.o(RESET) refers to stm32f10x_it.o(i.MemManage_Handler) for MemManage_Handler
    startup_stm32f10x_md.o(RESET) refers to stm32f10x_it.o(i.BusFault_Handler) for BusFault_Handler
    startup_stm32f10x_md.o(RESET) refers to stm32f10x_it.o(i.UsageFault_Handler) for UsageFault_Handler
    startup_stm32f10x_md.o(RESET) refers to stm32f10x_it.o(i.SVC_Handler) for SVC_Handler
    startup_stm32f10x_md.o(RESET) refers to stm32f10x_it.o(i.DebugMon_Handler) for DebugMon_Handler
    startup_stm32f10x_md.o(RESET) refers to stm32f10x_it.o(i.PendSV_Handler) for PendSV_Handler
    startup_stm32f10x_md.o(RESET) refers to stm32f10x_it.o(i.SysTick_Handler) for SysTick_Handler
    startup_stm32f10x_md.o(RESET) refers to serial.o(i.USART1_IRQHandler) for USART1_IRQHandler
    startup_stm32f10x_md.o(RESET) refers to serial2.o(i.USART2_IRQHandler) for USART2_IRQHandler
    startup_stm32f10x_md.o(.text) refers to system_stm32f10x.o(i.SystemInit) for SystemInit
    startup_stm32f10x_md.o(.text) refers to entry.o(.ARM.Collect$$$$00000000) for __main
    system_stm32f10x.o(i.SetSysClock) refers to system_stm32f10x.o(i.SetSysClockTo72) for SetSysClockTo72
    system_stm32f10x.o(i.SystemCoreClockUpdate) refers to system_stm32f10x.o(.data) for SystemCoreClock
    system_stm32f10x.o(i.SystemInit) refers to system_stm32f10x.o(i.SetSysClock) for SetSysClock
    stm32f10x_adc.o(i.ADC_DeInit) refers to stm32f10x_rcc.o(i.RCC_APB2PeriphResetCmd) for RCC_APB2PeriphResetCmd
    stm32f10x_bkp.o(i.BKP_DeInit) refers to stm32f10x_rcc.o(i.RCC_BackupResetCmd) for RCC_BackupResetCmd
    stm32f10x_can.o(i.CAN_DeInit) refers to stm32f10x_rcc.o(i.RCC_APB1PeriphResetCmd) for RCC_APB1PeriphResetCmd
    stm32f10x_can.o(i.CAN_GetITStatus) refers to stm32f10x_can.o(i.CheckITStatus) for CheckITStatus
    stm32f10x_cec.o(i.CEC_DeInit) refers to stm32f10x_rcc.o(i.RCC_APB1PeriphResetCmd) for RCC_APB1PeriphResetCmd
    stm32f10x_dac.o(i.DAC_DeInit) refers to stm32f10x_rcc.o(i.RCC_APB1PeriphResetCmd) for RCC_APB1PeriphResetCmd
    stm32f10x_flash.o(i.FLASH_EnableWriteProtection) refers to stm32f10x_flash.o(i.FLASH_WaitForLastOperation) for FLASH_WaitForLastOperation
    stm32f10x_flash.o(i.FLASH_EraseAllBank1Pages) refers to stm32f10x_flash.o(i.FLASH_WaitForLastBank1Operation) for FLASH_WaitForLastBank1Operation
    stm32f10x_flash.o(i.FLASH_EraseAllPages) refers to stm32f10x_flash.o(i.FLASH_WaitForLastOperation) for FLASH_WaitForLastOperation
    stm32f10x_flash.o(i.FLASH_EraseOptionBytes) refers to stm32f10x_flash.o(i.FLASH_GetReadOutProtectionStatus) for FLASH_GetReadOutProtectionStatus
    stm32f10x_flash.o(i.FLASH_EraseOptionBytes) refers to stm32f10x_flash.o(i.FLASH_WaitForLastOperation) for FLASH_WaitForLastOperation
    stm32f10x_flash.o(i.FLASH_ErasePage) refers to stm32f10x_flash.o(i.FLASH_WaitForLastOperation) for FLASH_WaitForLastOperation
    stm32f10x_flash.o(i.FLASH_ProgramHalfWord) refers to stm32f10x_flash.o(i.FLASH_WaitForLastOperation) for FLASH_WaitForLastOperation
    stm32f10x_flash.o(i.FLASH_ProgramOptionByteData) refers to stm32f10x_flash.o(i.FLASH_WaitForLastOperation) for FLASH_WaitForLastOperation
    stm32f10x_flash.o(i.FLASH_ProgramWord) refers to stm32f10x_flash.o(i.FLASH_WaitForLastOperation) for FLASH_WaitForLastOperation
    stm32f10x_flash.o(i.FLASH_ReadOutProtection) refers to stm32f10x_flash.o(i.FLASH_WaitForLastOperation) for FLASH_WaitForLastOperation
    stm32f10x_flash.o(i.FLASH_UserOptionByteConfig) refers to stm32f10x_flash.o(i.FLASH_WaitForLastOperation) for FLASH_WaitForLastOperation
    stm32f10x_flash.o(i.FLASH_WaitForLastBank1Operation) refers to stm32f10x_flash.o(i.FLASH_GetBank1Status) for FLASH_GetBank1Status
    stm32f10x_flash.o(i.FLASH_WaitForLastOperation) refers to stm32f10x_flash.o(i.FLASH_GetBank1Status) for FLASH_GetBank1Status
    stm32f10x_gpio.o(i.GPIO_AFIODeInit) refers to stm32f10x_rcc.o(i.RCC_APB2PeriphResetCmd) for RCC_APB2PeriphResetCmd
    stm32f10x_gpio.o(i.GPIO_DeInit) refers to stm32f10x_rcc.o(i.RCC_APB2PeriphResetCmd) for RCC_APB2PeriphResetCmd
    stm32f10x_i2c.o(i.I2C_DeInit) refers to stm32f10x_rcc.o(i.RCC_APB1PeriphResetCmd) for RCC_APB1PeriphResetCmd
    stm32f10x_i2c.o(i.I2C_Init) refers to stm32f10x_rcc.o(i.RCC_GetClocksFreq) for RCC_GetClocksFreq
    stm32f10x_pwr.o(i.PWR_DeInit) refers to stm32f10x_rcc.o(i.RCC_APB1PeriphResetCmd) for RCC_APB1PeriphResetCmd
[...]
    Removing stm32f10x_i2c.o(i.I2C_DMACmd), (24 bytes).
    Removing stm32f10x_i2c.o(i.I2C_DMALastTransferCmd), (24 bytes).
    Removing stm32f10x_i2c.o(i.I2C_DeInit), (56 bytes).
    Removing stm32f10x_i2c.o(i.I2C_DualAddressCmd), (24 bytes).
    Removing stm32f10x_i2c.o(i.I2C_FastModeDutyCycleConfig), (28 bytes).
    Removing stm32f10x_i2c.o(i.I2C_GeneralCallCmd), (24 bytes).
    Removing stm32f10x_i2c.o(i.I2C_GenerateSTART), (24 bytes).
    Removing stm32f10x_i2c.o(i.I2C_GenerateSTOP), (24 bytes).
    Removing stm32f10x_i2c.o(i.I2C_GetFlagStatus), (58 bytes).
    Removing stm32f10x_i2c.o(i.I2C_GetITStatus), (38 bytes).
    Removing stm32f10x_i2c.o(i.I2C_GetLastEvent), (26 bytes).
    Removing stm32f10x_i2c.o(i.I2C_GetPEC), (8 bytes).
    Removing stm32f10x_i2c.o(i.I2C_ITConfig), (18 bytes).
    Removing stm32f10x_i2c.o(i.I2C_Init), (236 bytes).
    Removing stm32f10x_i2c.o(i.I2C_NACKPositionConfig), (28 bytes).
    Removing stm32f10x_i2c.o(i.I2C_OwnAddress2Config), (22 bytes).
    Removing stm32f10x_i2c.o(i.I2C_PECPositionConfig), (28 bytes).
    Removing stm32f10x_i2c.o(i.I2C_ReadRegister), (22 bytes).
    Removing stm32f10x_i2c.o(i.I2C_ReceiveData), (8 bytes).
    Removing stm32f10x_i2c.o(i.I2C_SMBusAlertConfig), (28 bytes).
    Removing stm32f10x_i2c.o(i.I2C_Send7bitAddress), (18 bytes).
    Removing stm32f10x_i2c.o(i.I2C_SendData), (4 bytes).
    Removing stm32f10x_i2c.o(i.I2C_SoftwareResetCmd), (22 bytes).
    Removing stm32f10x_i2c.o(i.I2C_StretchClockCmd), (24 bytes).
    Removing stm32f10x_i2c.o(i.I2C_StructInit), (30 bytes).
    Removing stm32f10x_i2c.o(i.I2C_TransmitPEC), (24 bytes).
    Removing stm32f10x_iwdg.o(i.IWDG_Enable), (16 bytes).
    Removing stm32f10x_iwdg.o(i.IWDG_GetFlagStatus), (24 bytes).
    Removing stm32f10x_iwdg.o(i.IWDG_ReloadCounter), (16 bytes).
    Removing stm32f10x_iwdg.o(i.IWDG_SetPrescaler), (12 bytes).
    Removing stm32f10x_iwdg.o(i.IWDG_SetReload), (12 bytes).
    Removing stm32f10x_iwdg.o(i.IWDG_WriteAccessCmd), (12 bytes).
    Removing stm32f10x_pwr.o(i.PWR_BackupAccessCmd), (12 bytes).
    Removing stm32f10x_pwr.o(i.PWR_ClearFlag), (20 bytes).
    Removing stm32f10x_pwr.o(i.PWR_DeInit), (22 bytes).
    Removing stm32f10x_pwr.o(i.PWR_EnterSTANDBYMode), (52 bytes).
    Removing stm32f10x_pwr.o(i.PWR_EnterSTOPMode), (64 bytes).
    Removing stm32f10x_pwr.o(i.PWR_GetFlagStatus), (24 bytes).
    Removing stm32f10x_pwr.o(i.PWR_PVDCmd), (12 bytes).
    Removing stm32f10x_pwr.o(i.PWR_PVDLevelConfig), (24 bytes).
    Removing stm32f10x_pwr.o(i.PWR_WakeUpPinCmd), (12 bytes).
    Removing stm32f10x_rcc.o(i.RCC_AHBPeriphClockCmd), (32 bytes).
    Removing stm32f10x_rcc.o(i.RCC_APB1PeriphResetCmd), (32 bytes).
    Removing stm32f10x_rcc.o(i.RCC_APB2PeriphResetCmd), (32 bytes).
    Removing stm32f10x_rcc.o(i.RCC_AdjustHSICalibrationValue), (24 bytes).
    Removing stm32f10x_rcc.o(i.RCC_BackupResetCmd), (12 bytes).
    Removing stm32f10x_rcc.o(i.RCC_ClearFlag), (20 bytes).
    Removing stm32f10x_rcc.o(i.RCC_ClearITPendingBit), (12 bytes).
    Removing stm32f10x_rcc.o(i.RCC_ClockSecuritySystemCmd), (12 bytes).
    Removing stm32f10x_rcc.o(i.RCC_DeInit), (76 bytes).
    Removing stm32f10x_rcc.o(i.RCC_GetFlagStatus), (60 bytes).
    Removing stm32f10x_rcc.o(i.RCC_GetITStatus), (24 bytes).
    Removing stm32f10x_rcc.o(i.RCC_GetSYSCLKSource), (16 bytes).
    Removing stm32f10x_rcc.o(i.RCC_HCLKConfig), (24 bytes).
    Removing stm32f10x_rcc.o(i.RCC_HSEConfig), (76 bytes).
    Removing stm32f10x_rcc.o(i.RCC_HSICmd), (12 bytes).
    Removing stm32f10x_rcc.o(i.RCC_ITConfig), (32 bytes).
    Removing stm32f10x_rcc.o(i.RCC_LSEConfig), (52 bytes).
    Removing stm32f10x_rcc.o(i.RCC_LSICmd), (12 bytes).
    Removing stm32f10x_rcc.o(i.RCC_MCOConfig), (12 bytes).
    Removing stm32f10x_rcc.o(i.RCC_PCLK1Config), (24 bytes).
    Removing stm32f10x_rcc.o(i.RCC_PCLK2Config), (24 bytes).
    Removing stm32f10x_rcc.o(i.RCC_PLLCmd), (12 bytes).
    Removing stm32f10x_rcc.o(i.RCC_PLLConfig), (28 bytes).
    Removing stm32f10x_rcc.o(i.RCC_RTCCLKCmd), (12 bytes).
    Removing stm32f10x_rcc.o(i.RCC_RTCCLKConfig), (16 bytes).
    Removing stm32f10x_rcc.o(i.RCC_SYSCLKConfig), (24 bytes).
    Removing stm32f10x_rcc.o(i.RCC_USBCLKConfig), (12 bytes).
    Removing stm32f10x_rcc.o(i.RCC_WaitForHSEStartUp), (56 bytes).
    Removing stm32f10x_rtc.o(i.RTC_ClearFlag), (16 bytes).
    Removing stm32f10x_rtc.o(i.RTC_ClearITPendingBit), (16 bytes).
    Removing stm32f10x_rtc.o(i.RTC_EnterConfigMode), (20 bytes).
    Removing stm32f10x_rtc.o(i.RTC_ExitConfigMode), (20 bytes).
    Removing stm32f10x_rtc.o(i.RTC_GetCounter), (20 bytes).
    Removing stm32f10x_rtc.o(i.RTC_GetDivider), (24 bytes).
    Removing stm32f10x_rtc.o(i.RTC_GetFlagStatus), (24 bytes).
    Removing stm32f10x_rtc.o(i.RTC_GetITStatus), (36 bytes).
    Removing stm32f10x_rtc.o(i.RTC_ITConfig), (32 bytes).
    Removing stm32f10x_rtc.o(i.RTC_SetAlarm), (28 bytes).
    Removing stm32f10x_rtc.o(i.RTC_SetCounter), (28 bytes).
    Removing stm32f10x_rtc.o(i.RTC_SetPrescaler), (32 bytes).
    Removing stm32f10x_rtc.o(i.RTC_WaitForLastTask), (20 bytes).
    Removing stm32f10x_rtc.o(i.RTC_WaitForSynchro), (36 bytes).
    Removing stm32f10x_sdio.o(i.SDIO_CEATAITCmd), (16 bytes).
    Removing stm32f10x_sdio.o(i.SDIO_ClearFlag), (12 bytes).
    Removing stm32f10x_sdio.o(i.SDIO_ClearITPendingBit), (12 bytes).
    Removing stm32f10x_sdio.o(i.SDIO_ClockCmd), (12 bytes).
    Removing stm32f10x_sdio.o(i.SDIO_CmdStructInit), (14 bytes).
    Removing stm32f10x_sdio.o(i.SDIO_CommandCompletionCmd), (12 bytes).
    Removing stm32f10x_sdio.o(i.SDIO_DMACmd), (12 bytes).
    Removing stm32f10x_sdio.o(i.SDIO_DataConfig), (48 bytes).
    Removing stm32f10x_sdio.o(i.SDIO_DataStructInit), (20 bytes).
    Removing stm32f10x_sdio.o(i.SDIO_DeInit), (36 bytes).
    Removing stm32f10x_sdio.o(i.SDIO_GetCommandResponse), (12 bytes).
    Removing stm32f10x_sdio.o(i.SDIO_GetDataCounter), (12 bytes).
    Removing stm32f10x_sdio.o(i.SDIO_GetFIFOCount), (12 bytes).
    Removing stm32f10x_sdio.o(i.SDIO_GetFlagStatus), (24 bytes).
    Removing stm32f10x_sdio.o(i.SDIO_GetITStatus), (24 bytes).
    Removing stm32f10x_sdio.o(i.SDIO_GetPowerState), (16 bytes).
    Removing stm32f10x_sdio.o(i.SDIO_GetResponse), (24 bytes).
    Removing stm32f10x_sdio.o(i.SDIO_ITConfig), (32 bytes).
    Removing stm32f10x_sdio.o(i.SDIO_Init), (48 bytes).
    Removing stm32f10x_sdio.o(i.SDIO_ReadData), (12 bytes).
    Removing stm32f10x_sdio.o(i.SDIO_SendCEATACmd), (12 bytes).
    Removing stm32f10x_sdio.o(i.SDIO_SendCommand), (44 bytes).
    Removing stm32f10x_sdio.o(i.SDIO_SendSDIOSuspendCmd), (12 bytes).
    Removing stm32f10x_sdio.o(i.SDIO_SetPowerState), (28 bytes).
    Removing stm32f10x_sdio.o(i.SDIO_SetSDIOOperation), (12 bytes).
    Removing stm32f10x_sdio.o(i.SDIO_SetSDIOReadWaitMode), (12 bytes).
    Removing stm32f10x_sdio.o(i.SDIO_StartSDIOReadWait), (12 bytes).
    Removing stm32f10x_sdio.o(i.SDIO_StopSDIOReadWait), (12 bytes).
    Removing stm32f10x_sdio.o(i.SDIO_StructInit), (16 bytes).
    Removing stm32f10x_sdio.o(i.SDIO_WriteData), (12 bytes).
    Removing stm32f10x_spi.o(i.I2S_Cmd), (24 bytes).
    Removing stm32f10x_spi.o(i.I2S_Init), (232 bytes).
    Removing stm32f10x_spi.o(i.I2S_StructInit), (20 bytes).
    Removing stm32f10x_spi.o(i.SPI_BiDirectionalLineConfig), (28 bytes).
    Removing stm32f10x_spi.o(i.SPI_CalculateCRC), (24 bytes).
    Removing stm32f10x_spi.o(i.SPI_Cmd), (24 bytes).
    Removing stm32f10x_spi.o(i.SPI_DataSizeConfig), (18 bytes).
    Removing stm32f10x_spi.o(i.SPI_GetCRC), (16 bytes).
    Removing stm32f10x_spi.o(i.SPI_GetCRCPolynomial), (6 bytes).
    Removing stm32f10x_spi.o(i.SPI_I2S_ClearFlag), (6 bytes).
    Removing stm32f10x_spi.o(i.SPI_I2S_ClearITPendingBit), (20 bytes).
    Removing stm32f10x_spi.o(i.SPI_I2S_DMACmd), (18 bytes).
    Removing stm32f10x_spi.o(i.SPI_I2S_DeInit), (88 bytes).
    Removing stm32f10x_spi.o(i.SPI_I2S_GetFlagStatus), (18 bytes).
    Removing stm32f10x_spi.o(i.SPI_I2S_GetITStatus), (52 bytes).
    Removing stm32f10x_spi.o(i.SPI_I2S_ITConfig), (32 bytes).
    Removing stm32f10x_spi.o(i.SPI_I2S_ReceiveData), (6 bytes).
    Removing stm32f10x_spi.o(i.SPI_I2S_SendData), (4 bytes).
    Removing stm32f10x_spi.o(i.SPI_Init), (60 bytes).
    Removing stm32f10x_spi.o(i.SPI_NSSInternalSoftwareConfig), (30 bytes).
    Removing stm32f10x_spi.o(i.SPI_SSOutputCmd), (24 bytes).
    Removing stm32f10x_spi.o(i.SPI_StructInit), (24 bytes).
    Removing stm32f10x_spi.o(i.SPI_TransmitCRC), (10 bytes).
    Removing stm32f10x_tim.o(i.TI1_Config), (128 bytes).
    Removing stm32f10x_tim.o(i.TI2_Config), (152 bytes).
    Removing stm32f10x_tim.o(i.TI3_Config), (144 bytes).
    Removing stm32f10x_tim.o(i.TI4_Config), (152 bytes).
    Removing stm32f10x_tim.o(i.TIM_ARRPreloadConfig), (24 bytes).
    Removing stm32f10x_tim.o(i.TIM_BDTRConfig), (32 bytes).
    Removing stm32f10x_tim.o(i.TIM_BDTRStructInit), (18 bytes).
    Removing stm32f10x_tim.o(i.TIM_CCPreloadControl), (24 bytes).
    Removing stm32f10x_tim.o(i.TIM_CCxCmd), (30 bytes).
    Removing stm32f10x_tim.o(i.TIM_CCxNCmd), (30 bytes).
    Removing stm32f10x_tim.o(i.TIM_ClearFlag), (6 bytes).
    Removing stm32f10x_tim.o(i.TIM_ClearITPendingBit), (6 bytes).
    Removing stm32f10x_tim.o(i.TIM_ClearOC1Ref), (18 bytes).
    Removing stm32f10x_tim.o(i.TIM_ClearOC2Ref), (24 bytes).
    Removing stm32f10x_tim.o(i.TIM_ClearOC3Ref), (18 bytes).
    Removing stm32f10x_tim.o(i.TIM_ClearOC4Ref), (24 bytes).
    Removing stm32f10x_tim.o(i.TIM_Cmd), (24 bytes).
    Removing stm32f10x_tim.o(i.TIM_CounterModeConfig), (18 bytes).
    Removing stm32f10x_tim.o(i.TIM_CtrlPWMOutputs), (30 bytes).
    Removing stm32f10x_tim.o(i.TIM_DMACmd), (18 bytes).
    Removing stm32f10x_tim.o(i.TIM_DMAConfig), (10 bytes).
    Removing stm32f10x_tim.o(i.TIM_DeInit), (488 bytes).
    Removing stm32f10x_tim.o(i.TIM_ETRClockMode1Config), (54 bytes).
    Removing stm32f10x_tim.o(i.TIM_ETRClockMode2Config), (32 bytes).
    Removing stm32f10x_tim.o(i.TIM_ETRConfig), (28 bytes).
    Removing stm32f10x_tim.o(i.TIM_EncoderInterfaceConfig), (66 bytes).
    Removing stm32f10x_tim.o(i.TIM_ForcedOC1Config), (18 bytes).
    Removing stm32f10x_tim.o(i.TIM_ForcedOC2Config), (26 bytes).
    Removing stm32f10x_tim.o(i.TIM_ForcedOC3Config), (18 bytes).
    Removing stm32f10x_tim.o(i.TIM_ForcedOC4Config), (26 bytes).
    Removing stm32f10x_tim.o(i.TIM_GenerateEvent), (4 bytes).
    Removing stm32f10x_tim.o(i.TIM_GetCapture1), (6 bytes).
    Removing stm32f10x_tim.o(i.TIM_GetCapture2), (6 bytes).
    Removing stm32f10x_tim.o(i.TIM_GetCapture3), (6 bytes).
    Removing stm32f10x_tim.o(i.TIM_GetCapture4), (8 bytes).
    Removing stm32f10x_tim.o(i.TIM_GetCounter), (6 bytes).
    Removing stm32f10x_tim.o(i.TIM_GetFlagStatus), (18 bytes).
    Removing stm32f10x_tim.o(i.TIM_GetITStatus), (34 bytes).
    Removing stm32f10x_tim.o(i.TIM_GetPrescaler), (6 bytes).
    Removing stm32f10x_tim.o(i.TIM_ICInit), (172 bytes).
    Removing stm32f10x_tim.o(i.TIM_ICStructInit), (18 bytes).
    Removing stm32f10x_tim.o(i.TIM_ITConfig), (18 bytes).
    Removing stm32f10x_tim.o(i.TIM_ITRxExternalClockConfig), (24 bytes).
    Removing stm32f10x_tim.o(i.TIM_InternalClockConfig), (12 bytes).
    Removing stm32f10x_tim.o(i.TIM_OC1FastConfig), (18 bytes).
    Removing stm32f10x_tim.o(i.TIM_OC1Init), (152 bytes).
    Removing stm32f10x_tim.o(i.TIM_OC1NPolarityConfig), (18 bytes).
    Removing stm32f10x_tim.o(i.TIM_OC1PolarityConfig), (18 bytes).
    Removing stm32f10x_tim.o(i.TIM_OC1PreloadConfig), (18 bytes).
    Removing stm32f10x_tim.o(i.TIM_OC2FastConfig), (26 bytes).
    Removing stm32f10x_tim.o(i.TIM_OC2Init), (164 bytes).
    Removing stm32f10x_tim.o(i.TIM_OC2NPolarityConfig), (26 bytes).
    Removing stm32f10x_tim.o(i.TIM_OC2PolarityConfig), (26 bytes).
    Removing stm32f10x_tim.o(i.TIM_OC2PreloadConfig), (26 bytes).
    Removing stm32f10x_tim.o(i.TIM_OC3FastConfig), (18 bytes).
    Removing stm32f10x_tim.o(i.TIM_OC3Init), (160 bytes).
    Removing stm32f10x_tim.o(i.TIM_OC3NPolarityConfig), (26 bytes).
    Removing stm32f10x_tim.o(i.TIM_OC3PolarityConfig), (26 bytes).
    Removing stm32f10x_tim.o(i.TIM_OC3PreloadConfig), (18 bytes).
    Removing stm32f10x_tim.o(i.TIM_OC4FastConfig), (26 bytes).
    Removing stm32f10x_tim.o(i.TIM_OC4Init), (124 bytes).
    Removing stm32f10x_tim.o(i.TIM_OC4PolarityConfig), (26 bytes).
    Removing stm32f10x_tim.o(i.TIM_OC4PreloadConfig), (26 bytes).
    Removing stm32f10x_tim.o(i.TIM_OCStructInit), (20 bytes).
    Removing stm32f10x_tim.o(i.TIM_PWMIConfig), (124 bytes).
    Removing stm32f10x_tim.o(i.TIM_PrescalerConfig), (6 bytes).
    Removing stm32f10x_tim.o(i.TIM_SelectCCDMA), (24 bytes).
    Removing stm32f10x_tim.o(i.TIM_SelectCOM), (24 bytes).
    Removing stm32f10x_tim.o(i.TIM_SelectHallSensor), (24 bytes).
    Removing stm32f10x_tim.o(i.TIM_SelectInputTrigger), (18 bytes).
    Removing stm32f10x_tim.o(i.TIM_SelectMasterSlaveMode), (18 bytes).
    Removing stm32f10x_tim.o(i.TIM_SelectOCxM), (82 bytes).
    Removing stm32f10x_tim.o(i.TIM_SelectOnePulseMode), (18 bytes).
    Removing stm32f10x_tim.o(i.TIM_SelectOutputTrigger), (18 bytes).
    Removing stm32f10x_tim.o(i.TIM_SelectSlaveMode), (18 bytes).
    Removing stm32f10x_tim.o(i.TIM_SetAutoreload), (4 bytes).
    Removing stm32f10x_tim.o(i.TIM_SetClockDivision), (18 bytes).
    Removing stm32f10x_tim.o(i.TIM_SetCompare1), (4 bytes).
    Removing stm32f10x_tim.o(i.TIM_SetCompare2), (4 bytes).
    Removing stm32f10x_tim.o(i.TIM_SetCompare3), (4 bytes).
    Removing stm32f10x_tim.o(i.TIM_SetCompare4), (6 bytes).
    Removing stm32f10x_tim.o(i.TIM_SetCounter), (4 bytes).
    Removing stm32f10x_tim.o(i.TIM_SetIC1Prescaler), (18 bytes).
    Removing stm32f10x_tim.o(i.TIM_SetIC2Prescaler), (26 bytes).
    Removing stm32f10x_tim.o(i.TIM_SetIC3Prescaler), (18 bytes).
    Removing stm32f10x_tim.o(i.TIM_SetIC4Prescaler), (26 bytes).
    Removing stm32f10x_tim.o(i.TIM_TIxExternalClockConfig), (62 bytes).
    Removing stm32f10x_tim.o(i.TIM_TimeBaseInit), (164 bytes).
    Removing stm32f10x_tim.o(i.TIM_TimeBaseStructInit), (18 bytes).
    Removing stm32f10x_tim.o(i.TIM_UpdateDisableConfig), (24 bytes).
    Removing stm32f10x_tim.o(i.TIM_UpdateRequestConfig), (24 bytes).
    Removing stm32f10x_usart.o(i.USART_ClearFlag), (18 bytes).
    Removing stm32f10x_usart.o(i.USART_ClockInit), (34 bytes).
    Removing stm32f10x_usart.o(i.USART_ClockStructInit), (12 bytes).
    Removing stm32f10x_usart.o(i.USART_DMACmd), (18 bytes).
    Removing stm32f10x_usart.o(i.USART_DeInit), (156 bytes).
    Removing stm32f10x_usart.o(i.USART_HalfDuplexCmd), (24 bytes).
    Removing stm32f10x_usart.o(i.USART_IrDACmd), (24 bytes).
    Removing stm32f10x_usart.o(i.USART_IrDAConfig), (18 bytes).
    Removing stm32f10x_usart.o(i.USART_LINBreakDetectLengthConfig), (18 bytes).
    Removing stm32f10x_usart.o(i.USART_LINCmd), (24 bytes).
    Removing stm32f10x_usart.o(i.USART_OneBitMethodCmd), (24 bytes).
    Removing stm32f10x_usart.o(i.USART_OverSampling8Cmd), (22 bytes).
    Removing stm32f10x_usart.o(i.USART_ReceiverWakeUpCmd), (24 bytes).
    Removing stm32f10x_usart.o(i.USART_SendBreak), (10 bytes).
    Removing stm32f10x_usart.o(i.USART_SetAddress), (18 bytes).
    Removing stm32f10x_usart.o(i.USART_SetGuardTime), (16 bytes).
    Removing stm32f10x_usart.o(i.USART_SetPrescaler), (16 bytes).
    Removing stm32f10x_usart.o(i.USART_SmartCardCmd), (24 bytes).
    Removing stm32f10x_usart.o(i.USART_SmartCardNACKCmd), (24 bytes).
    Removing stm32f10x_usart.o(i.USART_StructInit), (24 bytes).
    Removing stm32f10x_usart.o(i.USART_WakeUpConfig), (18 bytes).
    Removing stm32f10x_wwdg.o(i.WWDG_ClearFlag), (12 bytes).
    Removing stm32f10x_wwdg.o(i.WWDG_DeInit), (22 bytes).
    Removing stm32f10x_wwdg.o(i.WWDG_Enable), (16 bytes).
    Removing stm32f10x_wwdg.o(i.WWDG_EnableIT), (12 bytes).
    Removing stm32f10x_wwdg.o(i.WWDG_GetFlagStatus), (12 bytes).
    Removing stm32f10x_wwdg.o(i.WWDG_SetCounter), (16 bytes).
    Removing stm32f10x_wwdg.o(i.WWDG_SetPrescaler), (24 bytes).
    Removing stm32f10x_wwdg.o(i.WWDG_SetWindowValue), (40 bytes).
    Removing delay.o(i.Delay_s), (24 bytes).
    Removing led.o(i.LED1_OFF), (16 bytes).
    Removing led.o(i.LED1_ON), (16 bytes).
    Removing led.o(i.LED1_Turn), (36 bytes).
    Removing led.o(i.LED2_OFF), (16 bytes).
    Removing led.o(i.LED2_ON), (16 bytes).
    Removing led.o(i.LED2_Turn), (36 bytes).
    Removing key.o(i.Key_GetNum), (92 bytes).
    Removing key.o(i.Key_Init), (44 bytes).
    Removing oled.o(i.OLED_ShowBinNum), (62 bytes).
    Removing oled.o(i.OLED_ShowHexNum), (84 bytes).
    Removing oled.o(i.OLED_ShowSignedNum), (102 bytes).
    Removing serial.o(i.Serial_Pow), (20 bytes).
    Removing serial.o(i.Serial_Printf), (36 bytes).
    Removing serial.o(i.Serial_SendNumber), (58 bytes).
    Removing serial.o(i.Serial_SendString), (26 bytes).
    Removing serial.o(i.fputc), (16 bytes).
    Removing main.o(i.checkMqtt), (4 bytes).

467 unused section(s) (total 19018 bytes) removed from the image.

==============================================================================

Image Symbol Table

    Local Symbols

    Symbol Name                              Value     Ov Type        Size  Object(Section)

    ../clib/microlib/ctype/ctype.c           0x00000000   Number         0  ctype_c.o ABSOLUTE
    ../clib/microlib/ctype/ctype.c           0x00000000   Number         0  isspace_c.o ABSOLUTE
    ../clib/microlib/division.c              0x00000000   Number         0  uldiv.o ABSOLUTE
    ../clib/microlib/division.c              0x00000000   Number         0  uidiv.o ABSOLUTE
    ../clib/microlib/errno.c                 0x00000000   Number         0  errno.o ABSOLUTE
    ../clib/microlib/init/entry.s            0x00000000   Number         0  entry9b.o ABSOLUTE
    ../clib/microlib/init/entry.s            0x00000000   Number         0  entry.o ABSOLUTE
    ../clib/microlib/init/entry.s            0x00000000   Number         0  entry11b.o ABSOLUTE
    ../clib/microlib/init/entry.s            0x00000000   Number         0  entry11a.o ABSOLUTE
    ../clib/microlib/init/entry.s            0x00000000   Number         0  entry10b.o ABSOLUTE
    ../clib/microlib/init/entry.s            0x00000000   Number         0  entry10a.o ABSOLUTE
    ../clib/microlib/init/entry.s            0x00000000   Number         0  entry5.o ABSOLUTE
    ../clib/microlib/init/entry.s            0x00000000   Number         0  entry2.o ABSOLUTE
    ../clib/microlib/init/entry.s            0x00000000   Number         0  entry9a.o ABSOLUTE
    ../clib/microlib/init/entry.s            0x00000000   Number         0  entry8b.o ABSOLUTE
    ../clib/microlib/init/entry.s            0x00000000   Number         0  entry7b.o ABSOLUTE
    ../clib/microlib/init/entry.s            0x00000000   Number         0  entry7a.o ABSOLUTE
    ../clib/microlib/init/entry.s            0x00000000   Number         0  entry8a.o ABSOLUTE
    ../clib/microlib/longlong.c              0x00000000   Number         0  llshl.o ABSOLUTE
    ../clib/microlib/longlong.c              0x00000000   Number         0  llushr.o ABSOLUTE
    ../clib/microlib/longlong.c              0x00000000   Number         0  llsshr.o ABSOLUTE
    ../clib/microlib/printf/printf.c         0x00000000   Number         0  printfa.o ABSOLUTE
    ../clib/microlib/printf/printf.c         0x00000000   Number         0  printfb.o ABSOLUTE
    ../clib/microlib/printf/printf.c         0x00000000   Number         0  printf0.o ABSOLUTE
    ../clib/microlib/printf/printf.c         0x00000000   Number         0  printf1.o ABSOLUTE
    ../clib/microlib/printf/printf.c         0x00000000   Number         0  printf2.o ABSOLUTE
    ../clib/microlib/printf/printf.c         0x00000000   Number         0  printf3.o ABSOLUTE
    ../clib/microlib/printf/printf.c         0x00000000   Number         0  printf4.o ABSOLUTE
    ../clib/microlib/printf/printf.c         0x00000000   Number         0  printf5.o ABSOLUTE
    ../clib/microlib/printf/printf.c         0x00000000   Number         0  printf6.o ABSOLUTE
    ../clib/microlib/printf/printf.c         0x00000000   Number         0  printf7.o ABSOLUTE
    ../clib/microlib/printf/printf.c         0x00000000   Number         0  printf8.o ABSOLUTE
    ../clib/microlib/printf/stubs.s          0x00000000   Number         0  stubs.o ABSOLUTE
    ../clib/microlib/stdio/streams.c         0x00000000   Number         0  stdout.o ABSOLUTE
    ../clib/microlib/string/memset.c         0x00000000   Number         0  memseta.o ABSOLUTE
    ../clib/microlib/string/strcat.c         0x00000000   Number         0  strcat.o ABSOLUTE
    ../clib/microlib/string/strcpy.c         0x00000000   Number         0  strcpy.o ABSOLUTE
    ../clib/microlib/string/strncpy.c        0x00000000   Number         0  strncpy.o ABSOLUTE
    ../clib/microlib/string/strstr.c         0x00000000   Number         0  strstr.o ABSOLUTE
    ../clib/microlib/stubs.s                 0x00000000   Number         0  iusefp.o ABSOLUTE
    ../clib/scanf.c                          0x00000000   Number         0  scanf_fp.o ABSOLUTE
    ../clib/scanf.c                          0x00000000   Number         0  strtod.o ABSOLUTE
    ../clib/scanf.c                          0x00000000   Number         0  _sgetc.o ABSOLUTE
    ../fplib/microlib/d2f.c                  0x00000000   Number         0  d2f.o ABSOLUTE
    ../fplib/microlib/f2d.c                  0x00000000   Number         0  f2d.o ABSOLUTE
    ../fplib/microlib/fpadd.c                0x00000000   Number         0  dadd.o ABSOLUTE
    ../fplib/microlib/fpdiv.c                0x00000000   Number         0  fdiv.o ABSOLUTE
    ../fplib/microlib/fpdiv.c                0x00000000   Number         0  ddiv.o ABSOLUTE
    ../fplib/microlib/fpepilogue.c           0x00000000   Number         0  fepilogue.o ABSOLUTE
    ../fplib/microlib/fpepilogue.c           0x00000000   Number         0  depilogue.o ABSOLUTE
    ../fplib/microlib/fpfix.c                0x00000000   Number         0  ffixui.o ABSOLUTE
    ../fplib/microlib/fpfix.c                0x00000000   Number         0  dfixul.o ABSOLUTE
    ../fplib/microlib/fpflt.c                0x00000000   Number         0  ffltui.o ABSOLUTE
    ../fplib/microlib/fpflt.c                0x00000000   Number         0  dfltul.o ABSOLUTE
    ../fplib/microlib/fpmul.c                0x00000000   Number         0  dmul.o ABSOLUTE
    ../fplib/microlib/fpmul.c                0x00000000   Number         0  fmul.o ABSOLUTE
    ../mathlib/atof.c                        0x00000000   Number         0  atof.o ABSOLUTE
    Hardware\AD.c                            0x00000000   Number         0  ad.o ABSOLUTE
    Hardware\Key.c                           0x00000000   Number         0  key.o ABSOLUTE
    Hardware\LED.c                           0x00000000   Number         0  led.o ABSOLUTE
    Hardware\OLED.c                          0x00000000   Number         0  oled.o ABSOLUTE
    Hardware\Serial.c                        0x00000000   Number         0  serial.o ABSOLUTE
    Hardware\Serial2.c                       0x00000000   Number         0  serial2.o ABSOLUTE
    Library\misc.c                           0x00000000   Number         0  misc.o ABSOLUTE
    Library\stm32f10x_adc.c                  0x00000000   Number         0  stm32f10x_adc.o ABSOLUTE
    Library\stm32f10x_bkp.c                  0x00000000   Number         0  stm32f10x_bkp.o ABSOLUTE
    Library\stm32f10x_can.c                  0x00000000   Number         0  stm32f10x_can.o ABSOLUTE
    Library\stm32f10x_cec.c                  0x00000000   Number         0  stm32f10x_cec.o ABSOLUTE
    Library\stm32f10x_crc.c                  0x00000000   Number         0  stm32f10x_crc.o ABSOLUTE
    Library\stm32f10x_dac.c                  0x00000000   Number         0  stm32f10x_dac.o ABSOLUTE
    Library\stm32f10x_dbgmcu.c               0x00000000   Number         0  stm32f10x_dbgmcu.o ABSOLUTE
    Library\stm32f10x_dma.c                  0x00000000   Number         0  stm32f10x_dma.o ABSOLUTE
    Library\stm32f10x_exti.c                 0x00000000   Number         0  stm32f10x_exti.o ABSOLUTE
    Library\stm32f10x_flash.c                0x00000000   Number         0  stm32f10x_flash.o ABSOLUTE
    Library\stm32f10x_fsmc.c                 0x00000000   Number         0  stm32f10x_fsmc.o ABSOLUTE
    Library\stm32f10x_gpio.c                 0x00000000   Number         0  stm32f10x_gpio.o ABSOLUTE
    Library\stm32f10x_i2c.c                  0x00000000   Number         0  stm32f10x_i2c.o ABSOLUTE
    Library\stm32f10x_iwdg.c                 0x00000000   Number         0  stm32f10x_iwdg.o ABSOLUTE
    Library\stm32f10x_pwr.c                  0x00000000   Number         0  stm32f10x_pwr.o ABSOLUTE
    Library\stm32f10x_rcc.c                  0x00000000   Number         0  stm32f10x_rcc.o ABSOLUTE
    Library\stm32f10x_rtc.c                  0x00000000   Number         0  stm32f10x_rtc.o ABSOLUTE
    Library\stm32f10x_sdio.c                 0x00000000   Number         0  stm32f10x_sdio.o ABSOLUTE
    Library\stm32f10x_spi.c                  0x00000000   Number         0  stm32f10x_spi.o ABSOLUTE
    Library\stm32f10x_tim.c                  0x00000000   Number         0  stm32f10x_tim.o ABSOLUTE
    Library\stm32f10x_usart.c                0x00000000   Number         0  stm32f10x_usart.o ABSOLUTE
    Library\stm32f10x_wwdg.c                 0x00000000   Number         0  stm32f10x_wwdg.o ABSOLUTE
    Start\\core_cm3.c                        0x00000000   Number         0  core_cm3.o ABSOLUTE
    Start\core_cm3.c                         0x00000000   Number         0  core_cm3.o ABSOLUTE
    Start\startup_stm32f10x_md.s             0x00000000   Number         0  startup_stm32f10x_md.o ABSOLUTE
    Start\system_stm32f10x.c                 0x00000000   Number         0  system_stm32f10x.o ABSOLUTE
    System\Delay.c                           0x00000000   Number         0  delay.o ABSOLUTE
    User\main.c                              0x00000000   Number         0  main.o ABSOLUTE
    User\stm32f10x_it.c                      0x00000000   Number         0  stm32f10x_it.o ABSOLUTE
    cdrcmple.s                               0x00000000   Number         0  cdrcmple.o ABSOLUTE
    dc.s                                     0x00000000   Number         0  dc.o ABSOLUTE
    handlers.s                               0x00000000   Number         0  handlers.o ABSOLUTE
    init.s                                   0x00000000   Number         0  init.o ABSOLUTE
    RESET                                    0x08000000   Section      236  startup_stm32f10x_md.o(RESET)
    .ARM.Collect$$$$00000000                 0x080000ec   Section        0  entry.o(.ARM.Collect$$$$00000000)
    .ARM.Collect$$$$00000001                 0x080000ec   Section        4  entry2.o(.ARM.Collect$$$$00000001)
    .ARM.Collect$$$$00000004                 0x080000f0   Section        4  entry5.o(.ARM.Collect$$$$00000004)
    .ARM.Collect$$$$00000008                 0x080000f4   Section        0  entry7b.o(.ARM.Collect$$$$00000008)
    .ARM.Collect$$$$0000000A                 0x080000f4   Section        0  entry8b.o(.ARM.Collect$$$$0000000A)
    .ARM.Collect$$$$0000000B                 0x080000f4   Section        8  entry9a.o(.ARM.Collect$$$$0000000B)
    .ARM.Collect$$$$0000000D                 0x080000fc   Section        0  entry10a.o(.ARM.Collect$$$$0000000D)
    .ARM.Collect$$$$0000000F                 0x080000fc   Section        0  entry11a.o(.ARM.Collect$$$$0000000F)
    .ARM.Collect$$$$00002712                 0x080000fc   Section        4  entry2.o(.ARM.Collect$$$$00002712)
    __lit__00000000                          0x080000fc   Data           4  entry2.o(.ARM.Collect$$$$00002712)
    .text                                    0x08000100   Section       36  startup_stm32f10x_md.o(.text)
    .text                                    0x08000124   Section        0  memseta.o(.text)
    .text                                    0x08000148   Section        0  strcat.o(.text)
    .text                                    0x08000160   Section        0  strstr.o(.text)
    .text                                    0x08000184   Section        0  strncpy.o(.text)
    .text                                    0x0800019c   Section        0  strcpy.o(.text)
    .text                                    0x080001ae   Section        0  fmul.o(.text)
    .text                                    0x08000212   Section        0  fdiv.o(.text)
    .text                                    0x0800028e   Section        0  dmul.o(.text)
    .text                                    0x08000372   Section        0  ddiv.o(.text)
    .text                                    0x08000450   Section        0  ffltui.o(.text)
    .text                                    0x0800045a   Section        0  ffixui.o(.text)
    .text                                    0x08000482   Section        0  f2d.o(.text)
    .text                                    0x080004a8   Section        0  d2f.o(.text)
    .text                                    0x080004e0   Section        0  uidiv.o(.text)
    .text                                    0x0800050c   Section        0  uldiv.o(.text)
    .text                                    0x08000570   Section        0  strtod.o(.text)
    _local_sscanf                            0x08000571   Thumb Code    54  strtod.o(.text)
    .text                                    0x0800060c   Section        0  iusefp.o(.text)
    .text                                    0x0800060c   Section        0  fepilogue.o(.text)
    .text                                    0x0800067a   Section        0  depilogue.o(.text)
    .text                                    0x08000734   Section        0  dadd.o(.text)
    .text                                    0x08000882   Section        0  dfixul.o(.text)
    .text                                    0x080008b4   Section       48  cdrcmple.o(.text)
    .text                                    0x080008e4   Section       36  init.o(.text)
    .text                                    0x08000908   Section        0  llshl.o(.text)
    .text                                    0x08000926   Section        0  llushr.o(.text)
    .text                                    0x08000946   Section        0  llsshr.o(.text)
    .text                                    0x0800096a   Section        0  isspace_c.o(.text)
    .text                                    0x08000974   Section        0  scanf_fp.o(.text)
    _fp_value                                0x08000975   Thumb Code   296  scanf_fp.o(.text)
    .text                                    0x08000cd4   Section        0  _sgetc.o(.text)
    .text                                    0x08000d14   Section        0  ctype_c.o(.text)
    .text                                    0x08000d3c   Section        0  dfltul.o(.text)
    i.ADC_Cmd                                0x08000d54   Section        0  stm32f10x_adc.o(i.ADC_Cmd)
    i.ADC_GetCalibrationStatus               0x08000d6a   Section        0  stm32f10x_adc.o(i.ADC_GetCalibrationStatus)
    i.ADC_GetConversionValue                 0x08000d7e   Section        0  stm32f10x_adc.o(i.ADC_GetConversionValue)
    i.ADC_GetFlagStatus                      0x08000d86   Section        0  stm32f10x_adc.o(i.ADC_GetFlagStatus)
    i.ADC_GetResetCalibrationStatus          0x08000d98   Section        0  stm32f10x_adc.o(i.ADC_GetResetCalibrationStatus)
    i.ADC_Init                               0x08000dac   Section        0  stm32f10x_adc.o(i.ADC_Init)
    i.ADC_RegularChannelConfig               0x08000dfc   Section        0  stm32f10x_adc.o(i.ADC_RegularChannelConfig)
    i.ADC_ResetCalibration                   0x08000eb4   Section        0  stm32f10x_adc.o(i.ADC_ResetCalibration)
    i.ADC_SoftwareStartConvCmd               0x08000ebe   Section        0  stm32f10x_adc.o(i.ADC_SoftwareStartConvCmd)
    i.ADC_StartCalibration                   0x08000ed4   Section        0  stm32f10x_adc.o(i.ADC_StartCalibration)
    i.AD_GetValue                            0x08000ee0   Section        0  ad.o(i.AD_GetValue)
    i.AD_Init                                0x08000f04   Section        0  ad.o(i.AD_Init)
    i.AT_ClienID                             0x08000fa4   Section        0  serial2.o(i.AT_ClienID)
    i.AT_Distrubute                          0x08000fc8   Section        0  serial2.o(i.AT_Distrubute)
    i.AT_Init                                0x08000fec   Section        0  serial2.o(i.AT_Init)
    i.AT_MQTTConnect                         0x0800102c   Section        0  serial2.o(i.AT_MQTTConnect)
    i.AT_MQTTMesseage                        0x0800104c   Section        0  serial2.o(i.AT_MQTTMesseage)
    i.AT_NETOPEN                             0x0800107c   Section        0  serial2.o(i.AT_NETOPEN)
    i.AT_Out                                 0x08001094   Section        0  serial2.o(i.AT_Out)
    i.AT_TopicOut                            0x080010c0   Section        0  serial2.o(i.AT_TopicOut)
    i.BusFault_Handler                       0x080010e0   Section        0  stm32f10x_it.o(i.BusFault_Handler)
    i.CreateAndSendCommand                   0x080010e4   Section        0  serial2.o(i.CreateAndSendCommand)
    i.DebugMon_Handler                       0x08001124   Section        0  stm32f10x_it.o(i.DebugMon_Handler)
    i.Delay_ms                               0x08001126   Section        0  delay.o(i.Delay_ms)
    i.Delay_us                               0x0800113e   Section        0  delay.o(i.Delay_us)
    i.GPIO_Init                              0x0800116c   Section        0  stm32f10x_gpio.o(i.GPIO_Init)
    i.GPIO_SetBits                           0x08001282   Section        0  stm32f10x_gpio.o(i.GPIO_SetBits)
    i.GPIO_WriteBit                          0x08001286   Section        0  stm32f10x_gpio.o(i.GPIO_WriteBit)
    i.GPS_FEN                                0x08001290   Section        0  serial2.o(i.GPS_FEN)
    i.GPS_Get                                0x0800131e   Section        0  serial2.o(i.GPS_Get)
    i.GPS_GetReal                            0x08001388   Section        0  serial2.o(i.GPS_GetReal)
    i.GPS_Send                               0x08001438   Section        0  serial2.o(i.GPS_Send)
    i.GPS_min                                0x080014a0   Section        0  serial2.o(i.GPS_min)
    i.GPS_open                               0x08001514   Section        0  serial2.o(i.GPS_open)
    i.HardFault_Handler                      0x0800152c   Section        0  stm32f10x_it.o(i.HardFault_Handler)
    i.LED_Init                               0x08001530   Section        0  led.o(i.LED_Init)
    i.Lock_Do                                0x08001564   Section        0  serial2.o(i.Lock_Do)
    i.MemManage_Handler                      0x080015dc   Section        0  stm32f10x_it.o(i.MemManage_Handler)
    i.NMI_Handler                            0x080015e0   Section        0  stm32f10x_it.o(i.NMI_Handler)
    i.NVIC_Init                              0x080015e4   Section        0  misc.o(i.NVIC_Init)
    i.NVIC_PriorityGroupConfig               0x08001654   Section        0  misc.o(i.NVIC_PriorityGroupConfig)
    i.OLED_Clear                             0x08001668   Section        0  oled.o(i.OLED_Clear)
    i.OLED_I2C_Init                          0x08001694   Section        0  oled.o(i.OLED_I2C_Init)
    i.OLED_I2C_SendByte                      0x080016e4   Section        0  oled.o(i.OLED_I2C_SendByte)
    i.OLED_I2C_Start                         0x08001738   Section        0  oled.o(i.OLED_I2C_Start)
    i.OLED_I2C_Stop                          0x0800176c   Section        0  oled.o(i.OLED_I2C_Stop)
    i.OLED_Init                              0x08001794   Section        0  oled.o(i.OLED_Init)
    i.OLED_Pow                               0x08001842   Section        0  oled.o(i.OLED_Pow)
    i.OLED_SetCursor                         0x08001856   Section        0  oled.o(i.OLED_SetCursor)
    i.OLED_ShowChar                          0x08001878   Section        0  oled.o(i.OLED_ShowChar)
    i.OLED_ShowNum                           0x080018ec   Section        0  oled.o(i.OLED_ShowNum)
    i.OLED_ShowString                        0x08001930   Section        0  oled.o(i.OLED_ShowString)
    i.OLED_WriteCommand                      0x08001958   Section        0  oled.o(i.OLED_WriteCommand)
    i.OLED_WriteData                         0x08001978   Section        0  oled.o(i.OLED_WriteData)
    i.PendSV_Handler                         0x08001998   Section        0  stm32f10x_it.o(i.PendSV_Handler)
    i.RCC_ADCCLKConfig                       0x0800199c   Section        0  stm32f10x_rcc.o(i.RCC_ADCCLKConfig)
    i.RCC_APB1PeriphClockCmd                 0x080019b4   Section        0  stm32f10x_rcc.o(i.RCC_APB1PeriphClockCmd)
    i.RCC_APB2PeriphClockCmd                 0x080019d4   Section        0  stm32f10x_rcc.o(i.RCC_APB2PeriphClockCmd)
    i.RCC_GetClocksFreq                      0x080019f4   Section        0  stm32f10x_rcc.o(i.RCC_GetClocksFreq)
    i.SVC_Handler                            0x08001ac8   Section        0  stm32f10x_it.o(i.SVC_Handler)
    i.Send_Command                           0x08001acc   Section        0  serial2.o(i.Send_Command)
    i.Serial_Init                            0x08001b24   Section        0  serial.o(i.Serial_Init)
    i.Serial_Init2                           0x08001bdc   Section        0  serial2.o(i.Serial_Init2)
    i.Serial_SendArray                       0x08001c90   Section        0  serial.o(i.Serial_SendArray)
    i.Serial_SendByte                        0x08001cac   Section        0  serial.o(i.Serial_SendByte)
    i.SetSysClock                            0x08001ccc   Section        0  system_stm32f10x.o(i.SetSysClock)
    SetSysClock                              0x08001ccd   Thumb Code     8  system_stm32f10x.o(i.SetSysClock)
    i.SetSysClockTo72                        0x08001cd4   Section        0  system_stm32f10x.o(i.SetSysClockTo72)
    SetSysClockTo72                          0x08001cd5   Thumb Code   214  system_stm32f10x.o(i.SetSysClockTo72)
    i.SysTick_Handler                        0x08001db4   Section        0  stm32f10x_it.o(i.SysTick_Handler)
    i.SystemInit                             0x08001db8   Section        0  system_stm32f10x.o(i.SystemInit)
    i.USART1_IRQHandler                      0x08001e18   Section        0  serial.o(i.USART1_IRQHandler)
    i.USART2_IRQHandler                      0x08001eb8   Section        0  serial2.o(i.USART2_IRQHandler)
    i.USART_ClearITPendingBit                0x08001fa0   Section        0  stm32f10x_usart.o(i.USART_ClearITPendingBit)
    i.USART_Cmd                              0x08001fbe   Section        0  stm32f10x_usart.o(i.USART_Cmd)
    i.USART_GetFlagStatus                    0x08001fd6   Section        0  stm32f10x_usart.o(i.USART_GetFlagStatus)
    i.USART_GetITStatus                      0x08001ff0   Section        0  stm32f10x_usart.o(i.USART_GetITStatus)
    i.USART_ITConfig                         0x08002044   Section        0  stm32f10x_usart.o(i.USART_ITConfig)
    i.USART_Init                             0x08002090   Section        0  stm32f10x_usart.o(i.USART_Init)
    i.USART_ReceiveData                      0x08002168   Section        0  stm32f10x_usart.o(i.USART_ReceiveData)
    i.USART_SendData                         0x08002172   Section        0  stm32f10x_usart.o(i.USART_SendData)
    i.UsageFault_Handler                     0x0800217a   Section        0  stm32f10x_it.o(i.UsageFault_Handler)
    i.__0sprintf                             0x08002180   Section        0  printfa.o(i.__0sprintf)
    i.__read_errno                           0x080021a8   Section        0  errno.o(i.__read_errno)
    i.__scatterload_copy                     0x080021b4   Section       14  handlers.o(i.__scatterload_copy)
    i.__scatterload_null                     0x080021c2   Section        2  handlers.o(i.__scatterload_null)
    i.__scatterload_zeroinit                 0x080021c4   Section       14  handlers.o(i.__scatterload_zeroinit)
    i.__set_errno                            0x080021d4   Section        0  errno.o(i.__set_errno)
    i._fp_digits                             0x080021e0   Section        0  printfa.o(i._fp_digits)
    _fp_digits                               0x080021e1   Thumb Code   366  printfa.o(i._fp_digits)
    i._is_digit                              0x08002364   Section        0  scanf_fp.o(i._is_digit)
    i._printf_core                           0x08002374   Section        0  printfa.o(i._printf_core)
    _printf_core                             0x08002375   Thumb Code  1744  printfa.o(i._printf_core)
    i._printf_post_padding                   0x08002a50   Section        0  printfa.o(i._printf_post_padding)
    _printf_post_padding                     0x08002a51   Thumb Code    36  printfa.o(i._printf_post_padding)
    i._printf_pre_padding                    0x08002a74   Section        0  printfa.o(i._printf_pre_padding)
    _printf_pre_padding                      0x08002a75   Thumb Code    46  printfa.o(i._printf_pre_padding)
    i._sputc                                 0x08002aa2   Section        0  printfa.o(i._sputc)
    _sputc                                   0x08002aa3   Thumb Code    10  printfa.o(i._sputc)
    i.atof                                   0x08002aac   Section        0  atof.o(i.atof)
    i.main                                   0x08002ad8   Section        0  main.o(i.main)
    i.unLockBikeCommand1                     0x08002c50   Section        0  main.o(i.unLockBikeCommand1)
    i.unLockBikeCommand2                     0x08002c80   Section        0  main.o(i.unLockBikeCommand2)
    i.unLockBikeCommand3                     0x08002cb6   Section        0  main.o(i.unLockBikeCommand3)
    .constdata                               0x08002cec   Section     1520  oled.o(.constdata)
    .constdata                               0x080032dc   Section        5  serial2.o(.constdata)
    .constdata                               0x080032e1   Section       64  ctype_c.o(.constdata)
    .data                                    0x20000000   Section       20  stm32f10x_rcc.o(.data)
    APBAHBPrescTable                         0x20000000   Data          16  stm32f10x_rcc.o(.data)
    ADCPrescTable                            0x20000010   Data           4  stm32f10x_rcc.o(.data)
    .data                                    0x20000014   Section        3  serial.o(.data)
    RxState                                  0x20000015   Data           1  serial.o(.data)
    pRxPacket                                0x20000016   Data           1  serial.o(.data)
    .data                                    0x20000018   Section        8  serial2.o(.data)
    .data                                    0x20000020   Section       16  main.o(.data)
    .data                                    0x20000030   Section        4  errno.o(.data)
    _errno                                   0x20000030   Data           4  errno.o(.data)
    .bss                                     0x20000034   Section     1000  serial.o(.bss)
    .bss                                     0x2000041c   Section      384  serial2.o(.bss)
    STACK                                    0x200005a0   Section     1024  startup_stm32f10x_md.o(STACK)

    Global Symbols

    Symbol Name                              Value     Ov Type        Size  Object(Section)

    BuildAttributes$$THM_ISAv4$P$D$K$B$S$PE$A:L22UL41UL21$X:L11$S22US41US21$IEEE1$IW$USESV6$~STKCKD$USESV7$~SHL$OTIME$ROPI$IEEEJ$EBA8$MICROLIB$REQ8$PRES8$EABIv2 0x00000000   Number         0  anon$$obj.o ABSOLUTE
    __ARM_use_no_argv                        0x00000000   Number         0  main.o ABSOLUTE
    _printf_a                                0x00000000   Number         0  stubs.o ABSOLUTE
    _printf_c                                0x00000000   Number         0  stubs.o ABSOLUTE
    _printf_charcount                        0x00000000   Number         0  stubs.o ABSOLUTE
    _printf_d                                0x00000000   Number         0  stubs.o ABSOLUTE
    _printf_e                                0x00000000   Number         0  stubs.o ABSOLUTE
    _printf_f                                0x00000000   Number         0  stubs.o ABSOLUTE
    _printf_flags                            0x00000000   Number         0  stubs.o ABSOLUTE
    _printf_fp_dec                           0x00000000   Number         0  stubs.o ABSOLUTE
    _printf_fp_hex                           0x00000000   Number         0  stubs.o ABSOLUTE
    _printf_g                                0x00000000   Number         0  stubs.o ABSOLUTE
    _printf_i                                0x00000000   Number         0  stubs.o ABSOLUTE
    _printf_int_dec                          0x00000000   Number         0  stubs.o ABSOLUTE
    _printf_l                                0x00000000   Number         0  stubs.o ABSOLUTE
    _printf_lc                               0x00000000   Number         0  stubs.o ABSOLUTE
    _printf_ll                               0x00000000   Number         0  stubs.o ABSOLUTE
    _printf_lld                              0x00000000   Number         0  stubs.o ABSOLUTE
    _printf_lli                              0x00000000   Number         0  stubs.o ABSOLUTE
    _printf_llo                              0x00000000   Number         0  stubs.o ABSOLUTE
    _printf_llu                              0x00000000   Number         0  stubs.o ABSOLUTE
    _printf_llx                              0x00000000   Number         0  stubs.o ABSOLUTE
    _printf_longlong_dec                     0x00000000   Number         0  stubs.o ABSOLUTE
    _printf_longlong_hex                     0x00000000   Number         0  stubs.o ABSOLUTE
    _printf_longlong_oct                     0x00000000   Number         0  stubs.o ABSOLUTE
    _printf_ls                               0x00000000   Number         0  stubs.o ABSOLUTE
    _printf_mbtowc                           0x00000000   Number         0  stubs.o ABSOLUTE
    _printf_n                                0x00000000   Number         0  stubs.o ABSOLUTE
    _printf_o                                0x00000000   Number         0  stubs.o ABSOLUTE
    _printf_p                                0x00000000   Number         0  stubs.o ABSOLUTE
    _printf_percent                          0x00000000   Number         0  stubs.o ABSOLUTE
    _printf_pre_padding                      0x00000000   Number         0  stubs.o ABSOLUTE
    _printf_return_value                     0x00000000   Number         0  stubs.o ABSOLUTE
    _printf_s                                0x00000000   Number         0  stubs.o ABSOLUTE
    _printf_sizespec                         0x00000000   Number         0  stubs.o ABSOLUTE
    _printf_str                              0x00000000   Number         0  stubs.o ABSOLUTE
    _printf_truncate_signed                  0x00000000   Number         0  stubs.o ABSOLUTE
    _printf_truncate_unsigned                0x00000000   Number         0  stubs.o ABSOLUTE
    _printf_u                                0x00000000   Number         0  stubs.o ABSOLUTE
    _printf_wc                               0x00000000   Number         0  stubs.o ABSOLUTE
    _printf_wctomb                           0x00000000   Number         0  stubs.o ABSOLUTE
    _printf_widthprec                        0x00000000   Number         0  stubs.o ABSOLUTE
    _printf_x                                0x00000000   Number         0  stubs.o ABSOLUTE
    __cpp_initialize__aeabi_                  - Undefined Weak Reference
    __cxa_finalize                            - Undefined Weak Reference
    __decompress                              - Undefined Weak Reference
    _clock_init                               - Undefined Weak Reference
    _microlib_exit                            - Undefined Weak Reference
    __Vectors_Size                           0x000000ec   Number         0  startup_stm32f10x_md.o ABSOLUTE
    __Vectors                                0x08000000   Data           4  startup_stm32f10x_md.o(RESET)
    __Vectors_End                            0x080000ec   Data           0  startup_stm32f10x_md.o(RESET)
    __main                                   0x080000ed   Thumb Code     0  entry.o(.ARM.Collect$$$$00000000)
    _main_stk                                0x080000ed   Thumb Code     0  entry2.o(.ARM.Collect$$$$00000001)
    _main_scatterload                        0x080000f1   Thumb Code     0  entry5.o(.ARM.Collect$$$$00000004)
    __main_after_scatterload                 0x080000f5   Thumb Code     0  entry5.o(.ARM.Collect$$$$00000004)
    _main_clock                              0x080000f5   Thumb Code     0  entry7b.o(.ARM.Collect$$$$00000008)
    _main_cpp_init                           0x080000f5   Thumb Code     0  entry8b.o(.ARM.Collect$$$$0000000A)
    _main_init                               0x080000f5   Thumb Code     0  entry9a.o(.ARM.Collect$$$$0000000B)
    __rt_final_cpp                           0x080000fd   Thumb Code     0  entry10a.o(.ARM.Collect$$$$0000000D)
    __rt_final_exit                          0x080000fd   Thumb Code     0  entry11a.o(.ARM.Collect$$$$0000000F)
    Reset_Handler                            0x08000101   Thumb Code     8  startup_stm32f10x_md.o(.text)
    ADC1_2_IRQHandler                        0x0800011b   Thumb Code     0  startup_stm32f10x_md.o(.text)
    CAN1_RX1_IRQHandler                      0x0800011b   Thumb Code     0  startup_stm32f10x_md.o(.text)
    CAN1_SCE_IRQHandler                      0x0800011b   Thumb Code     0  startup_stm32f10x_md.o(.text)
    DMA1_Channel1_IRQHandler                 0x0800011b   Thumb Code     0  startup_stm32f10x_md.o(.text)
    DMA1_Channel2_IRQHandler                 0x0800011b   Thumb Code     0  startup_stm32f10x_md.o(.text)
    DMA1_Channel3_IRQHandler                 0x0800011b   Thumb Code     0  startup_stm32f10x_md.o(.text)
    DMA1_Channel4_IRQHandler                 0x0800011b   Thumb Code     0  startup_stm32f10x_md.o(.text)
    DMA1_Channel5_IRQHandler                 0x0800011b   Thumb Code     0  startup_stm32f10x_md.o(.text)
    DMA1_Channel6_IRQHandler                 0x0800011b   Thumb Code     0  startup_stm32f10x_md.o(.text)
    DMA1_Channel7_IRQHandler                 0x0800011b   Thumb Code     0  startup_stm32f10x_md.o(.text)
    EXTI0_IRQHandler                         0x0800011b   Thumb Code     0  startup_stm32f10x_md.o(.text)
    EXTI15_10_IRQHandler                     0x0800011b   Thumb Code     0  startup_stm32f10x_md.o(.text)
    EXTI1_IRQHandler                         0x0800011b   Thumb Code     0  startup_stm32f10x_md.o(.text)
    EXTI2_IRQHandler                         0x0800011b   Thumb Code     0  startup_stm32f10x_md.o(.text)
    EXTI3_IRQHandler                         0x0800011b   Thumb Code     0  startup_stm32f10x_md.o(.text)
    EXTI4_IRQHandler                         0x0800011b   Thumb Code     0  startup_stm32f10x_md.o(.text)
    EXTI9_5_IRQHandler                       0x0800011b   Thumb Code     0  startup_stm32f10x_md.o(.text)
    FLASH_IRQHandler                         0x0800011b   Thumb Code     0  startup_stm32f10x_md.o(.text)
    I2C1_ER_IRQHandler                       0x0800011b   Thumb Code     0  startup_stm32f10x_md.o(.text)
    I2C1_EV_IRQHandler                       0x0800011b   Thumb Code     0  startup_stm32f10x_md.o(.text)
    I2C2_ER_IRQHandler                       0x0800011b   Thumb Code     0  startup_stm32f10x_md.o(.text)
    I2C2_EV_IRQHandler                       0x0800011b   Thumb Code     0  startup_stm32f10x_md.o(.text)
    PVD_IRQHandler                           0x0800011b   Thumb Code     0  startup_stm32f10x_md.o(.text)
    RCC_IRQHandler                           0x0800011b   Thumb Code     0  startup_stm32f10x_md.o(.text)
    RTCAlarm_IRQHandler                      0x0800011b   Thumb Code     0  startup_stm32f10x_md.o(.text)
    RTC_IRQHandler                           0x0800011b   Thumb Code     0  startup_stm32f10x_md.o(.text)
    SPI1_IRQHandler                          0x0800011b   Thumb Code     0  startup_stm32f10x_md.o(.text)
    SPI2_IRQHandler                          0x0800011b   Thumb Code     0  startup_stm32f10x_md.o(.text)
    TAMPER_IRQHandler                        0x0800011b   Thumb Code     0  startup_stm32f10x_md.o(.text)
    TIM1_BRK_IRQHandler                      0x0800011b   Thumb Code     0  startup_stm32f10x_md.o(.text)
    TIM1_CC_IRQHandler                       0x0800011b   Thumb Code     0  startup_stm32f10x_md.o(.text)
    TIM1_TRG_COM_IRQHandler                  0x0800011b   Thumb Code     0  startup_stm32f10x_md.o(.text)
    TIM1_UP_IRQHandler                       0x0800011b   Thumb Code     0  startup_stm32f10x_md.o(.text)
    TIM2_IRQHandler                          0x0800011b   Thumb Code     0  startup_stm32f10x_md.o(.text)
    TIM3_IRQHandler                          0x0800011b   Thumb Code     0  startup_stm32f10x_md.o(.text)
    TIM4_IRQHandler                          0x0800011b   Thumb Code     0  startup_stm32f10x_md.o(.text)
    USART3_IRQHandler                        0x0800011b   Thumb Code     0  startup_stm32f10x_md.o(.text)
    USBWakeUp_IRQHandler                     0x0800011b   Thumb Code     0  startup_stm32f10x_md.o(.text)
    USB_HP_CAN1_TX_IRQHandler                0x0800011b   Thumb Code     0  startup_stm32f10x_md.o(.text)
    USB_LP_CAN1_RX0_IRQHandler               0x0800011b   Thumb Code     0  startup_stm32f10x_md.o(.text)
    WWDG_IRQHandler                          0x0800011b   Thumb Code     0  startup_stm32f10x_md.o(.text)
    __aeabi_memset                           0x08000125   Thumb Code    14  memseta.o(.text)
    __aeabi_memset4                          0x08000125   Thumb Code     0  memseta.o(.text)
    __aeabi_memset8                          0x08000125   Thumb Code     0  memseta.o(.text)
    __aeabi_memclr                           0x08000133   Thumb Code     4  memseta.o(.text)
    __aeabi_memclr4                          0x08000133   Thumb Code     0  memseta.o(.text)
    __aeabi_memclr8                          0x08000133   Thumb Code     0  memseta.o(.text)
    _memset$wrapper                          0x08000137   Thumb Code    18  memseta.o(.text)
    strcat                                   0x08000149   Thumb Code    24  strcat.o(.text)
    strstr                                   0x08000161   Thumb Code    36  strstr.o(.text)
    strncpy                                  0x08000185   Thumb Code    24  strncpy.o(.text)
    strcpy                                   0x0800019d   Thumb Code    18  strcpy.o(.text)
    __aeabi_fmul                             0x080001af   Thumb Code   100  fmul.o(.text)
    __aeabi_fdiv                             0x08000213   Thumb Code   124  fdiv.o(.text)
    __aeabi_dmul                             0x0800028f   Thumb Code   228  dmul.o(.text)
    __aeabi_ddiv                             0x08000373   Thumb Code   222  ddiv.o(.text)
    __aeabi_ui2f                             0x08000451   Thumb Code    10  ffltui.o(.text)
    __aeabi_f2uiz                            0x0800045b   Thumb Code    40  ffixui.o(.text)
    __aeabi_f2d                              0x08000483   Thumb Code    38  f2d.o(.text)
    __aeabi_d2f                              0x080004a9   Thumb Code    56  d2f.o(.text)
    __aeabi_uidiv                            0x080004e1   Thumb Code     0  uidiv.o(.text)
    __aeabi_uidivmod                         0x080004e1   Thumb Code    44  uidiv.o(.text)
    __aeabi_uldivmod                         0x0800050d   Thumb Code    98  uldiv.o(.text)
    __strtod_int                             0x080005a7   Thumb Code    90  strtod.o(.text)
    __I$use$fp                               0x0800060d   Thumb Code     0  iusefp.o(.text)
    _float_round                             0x0800060d   Thumb Code    18  fepilogue.o(.text)
    _float_epilogue                          0x0800061f   Thumb Code    92  fepilogue.o(.text)
    _double_round                            0x0800067b   Thumb Code    30  depilogue.o(.text)
    _double_epilogue                         0x08000699   Thumb Code   156  depilogue.o(.text)
    __aeabi_dadd                             0x08000735   Thumb Code   322  dadd.o(.text)
    __aeabi_dsub                             0x08000877   Thumb Code     6  dadd.o(.text)
    __aeabi_drsub                            0x0800087d   Thumb Code     6  dadd.o(.text)
    __aeabi_d2ulz                            0x08000883   Thumb Code    48  dfixul.o(.text)
    __aeabi_cdrcmple                         0x080008b5   Thumb Code    48  cdrcmple.o(.text)
    __scatterload                            0x080008e5   Thumb Code    28  init.o(.text)
    __scatterload_rt2                        0x080008e5   Thumb Code     0  init.o(.text)
    __aeabi_llsl                             0x08000909   Thumb Code    30  llshl.o(.text)
    _ll_shift_l                              0x08000909   Thumb Code     0  llshl.o(.text)
    __aeabi_llsr                             0x08000927   Thumb Code    32  llushr.o(.text)
    _ll_ushift_r                             0x08000927   Thumb Code     0  llushr.o(.text)
    __aeabi_lasr                             0x08000947   Thumb Code    36  llsshr.o(.text)
    _ll_sshift_r                             0x08000947   Thumb Code     0  llsshr.o(.text)
    isspace                                  0x0800096b   Thumb Code    10  isspace_c.o(.text)
    _scanf_real                              0x08000a9d   Thumb Code     0  scanf_fp.o(.text)
    _scanf_really_real                       0x08000a9d   Thumb Code   556  scanf_fp.o(.text)
    _sgetc                                   0x08000cd5   Thumb Code    30  _sgetc.o(.text)
    _sbackspace                              0x08000cf3   Thumb Code    34  _sgetc.o(.text)
    __ctype_lookup                           0x08000d15   Thumb Code    34  ctype_c.o(.text)
    __aeabi_ul2d                             0x08000d3d   Thumb Code    24  dfltul.o(.text)
    ADC_Cmd                                  0x08000d55   Thumb Code    22  stm32f10x_adc.o(i.ADC_Cmd)
    ADC_GetCalibrationStatus                 0x08000d6b   Thumb Code    20  stm32f10x_adc.o(i.ADC_GetCalibrationStatus)
    ADC_GetConversionValue                   0x08000d7f   Thumb Code     8  stm32f10x_adc.o(i.ADC_GetConversionValue)
    ADC_GetFlagStatus                        0x08000d87   Thumb Code    18  stm32f10x_adc.o(i.ADC_GetFlagStatus)
    ADC_GetResetCalibrationStatus            0x08000d99   Thumb Code    20  stm32f10x_adc.o(i.ADC_GetResetCalibrationStatus)
    ADC_Init                                 0x08000dad   Thumb Code    70  stm32f10x_adc.o(i.ADC_Init)
    ADC_RegularChannelConfig                 0x08000dfd   Thumb Code   184  stm32f10x_adc.o(i.ADC_RegularChannelConfig)
    ADC_ResetCalibration                     0x08000eb5   Thumb Code    10  stm32f10x_adc.o(i.ADC_ResetCalibration)
    ADC_SoftwareStartConvCmd                 0x08000ebf   Thumb Code    22  stm32f10x_adc.o(i.ADC_SoftwareStartConvCmd)
    ADC_StartCalibration                     0x08000ed5   Thumb Code    10  stm32f10x_adc.o(i.ADC_StartCalibration)
    AD_GetValue                              0x08000ee1   Thumb Code    32  ad.o(i.AD_GetValue)
    AD_Init                                  0x08000f05   Thumb Code   150  ad.o(i.AD_Init)
    AT_ClienID                               0x08000fa5   Thumb Code    12  serial2.o(i.AT_ClienID)
    AT_Distrubute                            0x08000fc9   Thumb Code    12  serial2.o(i.AT_Distrubute)
    AT_Init                                  0x08000fed   Thumb Code    64  serial2.o(i.AT_Init)
    AT_MQTTConnect                           0x0800102d   Thumb Code    12  serial2.o(i.AT_MQTTConnect)
    AT_MQTTMesseage                          0x0800104d   Thumb Code    12  serial2.o(i.AT_MQTTMesseage)
    AT_NETOPEN                               0x0800107d   Thumb Code    12  serial2.o(i.AT_NETOPEN)
    AT_Out                                   0x08001095   Thumb Code    12  serial2.o(i.AT_Out)
    AT_TopicOut                              0x080010c1   Thumb Code    12  serial2.o(i.AT_TopicOut)
    BusFault_Handler                         0x080010e1   Thumb Code     4  stm32f10x_it.o(i.BusFault_Handler)
    CreateAndSendCommand                     0x080010e5   Thumb Code    40  serial2.o(i.CreateAndSendCommand)
    DebugMon_Handler                         0x08001125   Thumb Code     2  stm32f10x_it.o(i.DebugMon_Handler)
    Delay_ms                                 0x08001127   Thumb Code    24  delay.o(i.Delay_ms)
    Delay_us                                 0x0800113f   Thumb Code    46  delay.o(i.Delay_us)
    GPIO_Init                                0x0800116d   Thumb Code   278  stm32f10x_gpio.o(i.GPIO_Init)
    GPIO_SetBits                             0x08001283   Thumb Code     4  stm32f10x_gpio.o(i.GPIO_SetBits)
    GPIO_WriteBit                            0x08001287   Thumb Code    10  stm32f10x_gpio.o(i.GPIO_WriteBit)
    GPS_FEN                                  0x08001291   Thumb Code   142  serial2.o(i.GPS_FEN)
    GPS_Get                                  0x0800131f   Thumb Code   104  serial2.o(i.GPS_Get)
    GPS_GetReal                              0x08001389   Thumb Code   172  serial2.o(i.GPS_GetReal)
    GPS_Send                                 0x08001439   Thumb Code    96  serial2.o(i.GPS_Send)
    GPS_min                                  0x080014a1   Thumb Code   104  serial2.o(i.GPS_min)
    GPS_open                                 0x08001515   Thumb Code    12  serial2.o(i.GPS_open)
    HardFault_Handler                        0x0800152d   Thumb Code     4  stm32f10x_it.o(i.HardFault_Handler)
    LED_Init                                 0x08001531   Thumb Code    46  led.o(i.LED_Init)
    Lock_Do                                  0x08001565   Thumb Code    74  serial2.o(i.Lock_Do)
    MemManage_Handler                        0x080015dd   Thumb Code     4  stm32f10x_it.o(i.MemManage_Handler)
    NMI_Handler                              0x080015e1   Thumb Code     2  stm32f10x_it.o(i.NMI_Handler)
    NVIC_Init                                0x080015e5   Thumb Code   100  misc.o(i.NVIC_Init)
    NVIC_PriorityGroupConfig                 0x08001655   Thumb Code    10  misc.o(i.NVIC_PriorityGroupConfig)
    OLED_Clear                               0x08001669   Thumb Code    42  oled.o(i.OLED_Clear)
    OLED_I2C_Init                            0x08001695   Thumb Code    76  oled.o(i.OLED_I2C_Init)
    OLED_I2C_SendByte                        0x080016e5   Thumb Code    80  oled.o(i.OLED_I2C_SendByte)
    OLED_I2C_Start                           0x08001739   Thumb Code    48  oled.o(i.OLED_I2C_Start)
    OLED_I2C_Stop                            0x0800176d   Thumb Code    36  oled.o(i.OLED_I2C_Stop)
    OLED_Init                                0x08001795   Thumb Code   174  oled.o(i.OLED_Init)
    OLED_Pow                                 0x08001843   Thumb Code    20  oled.o(i.OLED_Pow)
    OLED_SetCursor                           0x08001857   Thumb Code    34  oled.o(i.OLED_SetCursor)
    OLED_ShowChar                            0x08001879   Thumb Code   110  oled.o(i.OLED_ShowChar)
    OLED_ShowNum                             0x080018ed   Thumb Code    68  oled.o(i.OLED_ShowNum)
    OLED_ShowString                          0x08001931   Thumb Code    40  oled.o(i.OLED_ShowString)
    OLED_WriteCommand                        0x08001959   Thumb Code    32  oled.o(i.OLED_WriteCommand)
    OLED_WriteData                           0x08001979   Thumb Code    32  oled.o(i.OLED_WriteData)
    PendSV_Handler                           0x08001999   Thumb Code     2  stm32f10x_it.o(i.PendSV_Handler)
    RCC_ADCCLKConfig                         0x0800199d   Thumb Code    18  stm32f10x_rcc.o(i.RCC_ADCCLKConfig)
    RCC_APB1PeriphClockCmd                   0x080019b5   Thumb Code    26  stm32f10x_rcc.o(i.RCC_APB1PeriphClockCmd)
    RCC_APB2PeriphClockCmd                   0x080019d5   Thumb Code    26  stm32f10x_rcc.o(i.RCC_APB2PeriphClockCmd)
    RCC_GetClocksFreq                        0x080019f5   Thumb Code   192  stm32f10x_rcc.o(i.RCC_GetClocksFreq)
    SVC_Handler                              0x08001ac9   Thumb Code     2  stm32f10x_it.o(i.SVC_Handler)
    Send_Command                             0x08001acd   Thumb Code    82  serial2.o(i.Send_Command)
    Serial_Init                              0x08001b25   Thumb Code   174  serial.o(i.Serial_Init)
    Serial_Init2                             0x08001bdd   Thumb Code   170  serial2.o(i.Serial_Init2)
    Serial_SendArray                         0x08001c91   Thumb Code    26  serial.o(i.Serial_SendArray)
    Serial_SendByte                          0x08001cad   Thumb Code    28  serial.o(i.Serial_SendByte)
    SysTick_Handler                          0x08001db5   Thumb Code     2  stm32f10x_it.o(i.SysTick_Handler)
    SystemInit                               0x08001db9   Thumb Code    78  system_stm32f10x.o(i.SystemInit)
    USART1_IRQHandler                        0x08001e19   Thumb Code   140  serial.o(i.USART1_IRQHandler)
    USART2_IRQHandler                        0x08001eb9   Thumb Code   196  serial2.o(i.USART2_IRQHandler)
    USART_ClearITPendingBit                  0x08001fa1   Thumb Code    30  stm32f10x_usart.o(i.USART_ClearITPendingBit)
    USART_Cmd                                0x08001fbf   Thumb Code    24  stm32f10x_usart.o(i.USART_Cmd)
    USART_GetFlagStatus                      0x08001fd7   Thumb Code    26  stm32f10x_usart.o(i.USART_GetFlagStatus)
    USART_GetITStatus                        0x08001ff1   Thumb Code    84  stm32f10x_usart.o(i.USART_GetITStatus)
    USART_ITConfig                           0x08002045   Thumb Code    74  stm32f10x_usart.o(i.USART_ITConfig)
    USART_Init                               0x08002091   Thumb Code   210  stm32f10x_usart.o(i.USART_Init)
    USART_ReceiveData                        0x08002169   Thumb Code    10  stm32f10x_usart.o(i.USART_ReceiveData)
    USART_SendData                           0x08002173   Thumb Code     8  stm32f10x_usart.o(i.USART_SendData)
    UsageFault_Handler                       0x0800217b   Thumb Code     4  stm32f10x_it.o(i.UsageFault_Handler)
    __0sprintf                               0x08002181   Thumb Code    34  printfa.o(i.__0sprintf)
    __1sprintf                               0x08002181   Thumb Code     0  printfa.o(i.__0sprintf)
    __2sprintf                               0x08002181   Thumb Code     0  printfa.o(i.__0sprintf)
    __c89sprintf                             0x08002181   Thumb Code     0  printfa.o(i.__0sprintf)
    sprintf                                  0x08002181   Thumb Code     0  printfa.o(i.__0sprintf)
    __read_errno                             0x080021a9   Thumb Code     6  errno.o(i.__read_errno)
    __scatterload_copy                       0x080021b5   Thumb Code    14  handlers.o(i.__scatterload_copy)
    __scatterload_null                       0x080021c3   Thumb Code     2  handlers.o(i.__scatterload_null)
    __scatterload_zeroinit                   0x080021c5   Thumb Code    14  handlers.o(i.__scatterload_zeroinit)
    __set_errno                              0x080021d5   Thumb Code     6  errno.o(i.__set_errno)
    _is_digit                                0x08002365   Thumb Code    14  scanf_fp.o(i._is_digit)
    atof                                     0x08002aad   Thumb Code    42  atof.o(i.atof)
    main                                     0x08002ad9   Thumb Code   322  main.o(i.main)
    unLockBikeCommand1                       0x08002c51   Thumb Code    48  main.o(i.unLockBikeCommand1)
    unLockBikeCommand2                       0x08002c81   Thumb Code    54  main.o(i.unLockBikeCommand2)
    unLockBikeCommand3                       0x08002cb7   Thumb Code    54  main.o(i.unLockBikeCommand3)
    OLED_F8x16                               0x08002cec   Data        1520  oled.o(.constdata)
    __ctype_categories                       0x080032e1   Data          64  ctype_c.o(.constdata)
    Region$$Table$$Base                      0x08003324   Number         0  anon$$obj.o(Region$$Table)
    Region$$Table$$Limit                     0x08003344   Number         0  anon$$obj.o(Region$$Table)
    Serial_RxFlag                            0x20000014   Data           1  serial.o(.data)
    timer_counter                            0x20000018   Data           4  serial2.o(.data)
    timer_flag                               0x2000001c   Data           1  serial2.o(.data)
    bufferIndex                              0x2000001e   Data           2  serial2.o(.data)
    ADValue                                  0x20000020   Data           2  main.o(.data)
    Voltage                                  0x20000024   Data           4  main.o(.data)
    Lock_Counter                             0x20000028   Data           4  main.o(.data)
    GPS_Counter                              0x2000002c   Data           4  main.o(.data)
    Serial_RxPacket                          0x20000034   Data        1000  serial.o(.bss)
    rxBuffer                                 0x2000041c   Data         128  serial2.o(.bss)
    Lock_data                                0x2000049c   Data         128  serial2.o(.bss)
    gps_data                                 0x2000051c   Data         128  serial2.o(.bss)
    __initial_sp                             0x200009a0   Data           0  startup_stm32f10x_md.o(STACK)



==============================================================================

Memory Map of the image

  Image Entry point : 0x080000ed

  Load Region LR_IROM1 (Base: 0x08000000, Size: 0x00003378, Max: 0x00010000, ABSOLUTE)

    Execution Region ER_IROM1 (Exec base: 0x08000000, Load base: 0x08000000, Size: 0x00003344, Max: 0x00010000, ABSOLUTE)

    Exec Addr    Load Addr    Size         Type   Attr      Idx    E Section Name        Object

    0x08000000   0x08000000   0x000000ec   Data   RO            3    RESET               startup_stm32f10x_md.o
    0x080000ec   0x080000ec   0x00000000   Code   RO         3756  * .ARM.Collect$$$$00000000  mc_w.l(entry.o)
    0x080000ec   0x080000ec   0x00000004   Code   RO         4046    .ARM.Collect$$$$00000001  mc_w.l(entry2.o)
    0x080000f0   0x080000f0   0x00000004   Code   RO         4049    .ARM.Collect$$$$00000004  mc_w.l(entry5.o)
    0x080000f4   0x080000f4   0x00000000   Code   RO         4051    .ARM.Collect$$$$00000008  mc_w.l(entry7b.o)
    0x080000f4   0x080000f4   0x00000000   Code   RO         4053    .ARM.Collect$$$$0000000A  mc_w.l(entry8b.o)
    0x080000f4   0x080000f4   0x00000008   Code   RO         4054    .ARM.Collect$$$$0000000B  mc_w.l(entry9a.o)
    0x080000fc   0x080000fc   0x00000000   Code   RO         4056    .ARM.Collect$$$$0000000D  mc_w.l(entry10a.o)
    0x080000fc   0x080000fc   0x00000000   Code   RO         4058    .ARM.Collect$$$$0000000F  mc_w.l(entry11a.o)
    0x080000fc   0x080000fc   0x00000004   Code   RO         4047    .ARM.Collect$$$$00002712  mc_w.l(entry2.o)
    0x08000100   0x08000100   0x00000024   Code   RO            4    .text               startup_stm32f10x_md.o
    0x08000124   0x08000124   0x00000024   Code   RO         3759    .text               mc_w.l(memseta.o)
    0x08000148   0x08000148   0x00000018   Code   RO         3761    .text               mc_w.l(strcat.o)
    0x08000160   0x08000160   0x00000024   Code   RO         3763    .text               mc_w.l(strstr.o)
    0x08000184   0x08000184   0x00000018   Code   RO         3765    .text               mc_w.l(strncpy.o)
    0x0800019c   0x0800019c   0x00000012   Code   RO         3767    .text               mc_w.l(strcpy.o)
    0x080001ae   0x080001ae   0x00000064   Code   RO         4030    .text               mf_w.l(fmul.o)
    0x08000212   0x08000212   0x0000007c   Code   RO         4032    .text               mf_w.l(fdiv.o)
    0x0800028e   0x0800028e   0x000000e4   Code   RO         4034    .text               mf_w.l(dmul.o)
    0x08000372   0x08000372   0x000000de   Code   RO         4036    .text               mf_w.l(ddiv.o)
    0x08000450   0x08000450   0x0000000a   Code   RO         4038    .text               mf_w.l(ffltui.o)
    0x0800045a   0x0800045a   0x00000028   Code   RO         4040    .text               mf_w.l(ffixui.o)
    0x08000482   0x08000482   0x00000026   Code   RO         4042    .text               mf_w.l(f2d.o)
    0x080004a8   0x080004a8   0x00000038   Code   RO         4044    .text               mf_w.l(d2f.o)
    0x080004e0   0x080004e0   0x0000002c   Code   RO         4061    .text               mc_w.l(uidiv.o)
    0x0800050c   0x0800050c   0x00000062   Code   RO         4063    .text               mc_w.l(uldiv.o)
    0x0800056e   0x0800056e   0x00000002   PAD
    0x08000570   0x08000570   0x0000009c   Code   RO         4072    .text               mc_w.l(strtod.o)
    0x0800060c   0x0800060c   0x00000000   Code   RO         4074    .text               mc_w.l(iusefp.o)
    0x0800060c   0x0800060c   0x0000006e   Code   RO         4075    .text               mf_w.l(fepilogue.o)
    0x0800067a   0x0800067a   0x000000ba   Code   RO         4077    .text               mf_w.l(depilogue.o)
    0x08000734   0x08000734   0x0000014e   Code   RO         4079    .text               mf_w.l(dadd.o)
    0x08000882   0x08000882   0x00000030   Code   RO         4081    .text               mf_w.l(dfixul.o)
    0x080008b2   0x080008b2   0x00000002   PAD
    0x080008b4   0x080008b4   0x00000030   Code   RO         4083    .text               mf_w.l(cdrcmple.o)
    0x080008e4   0x080008e4   0x00000024   Code   RO         4085    .text               mc_w.l(init.o)
    0x08000908   0x08000908   0x0000001e   Code   RO         4087    .text               mc_w.l(llshl.o)
    0x08000926   0x08000926   0x00000020   Code   RO         4089    .text               mc_w.l(llushr.o)
    0x08000946   0x08000946   0x00000024   Code   RO         4091    .text               mc_w.l(llsshr.o)
    0x0800096a   0x0800096a   0x0000000a   Code   RO         4093    .text               mc_w.l(isspace_c.o)
    0x08000974   0x08000974   0x00000360   Code   RO         4095    .text               mc_w.l(scanf_fp.o)
    0x08000cd4   0x08000cd4   0x00000040   Code   RO         4099    .text               mc_w.l(_sgetc.o)
    0x08000d14   0x08000d14   0x00000028   Code   RO         4101    .text               mc_w.l(ctype_c.o)
    0x08000d3c   0x08000d3c   0x00000018   Code   RO         4104    .text               mf_w.l(dfltul.o)
    0x08000d54   0x08000d54   0x00000016   Code   RO          202    i.ADC_Cmd           stm32f10x_adc.o
    0x08000d6a   0x08000d6a   0x00000014   Code   RO          210    i.ADC_GetCalibrationStatus  stm32f10x_adc.o
    0x08000d7e   0x08000d7e   0x00000008   Code   RO          211    i.ADC_GetConversionValue  stm32f10x_adc.o
    0x08000d86   0x08000d86   0x00000012   Code   RO          213    i.ADC_GetFlagStatus  stm32f10x_adc.o
    0x08000d98   0x08000d98   0x00000014   Code   RO          216    i.ADC_GetResetCalibrationStatus  stm32f10x_adc.o
    0x08000dac   0x08000dac   0x00000050   Code   RO          220    i.ADC_Init          stm32f10x_adc.o
    0x08000dfc   0x08000dfc   0x000000b8   Code   RO          224    i.ADC_RegularChannelConfig  stm32f10x_adc.o
    0x08000eb4   0x08000eb4   0x0000000a   Code   RO          225    i.ADC_ResetCalibration  stm32f10x_adc.o
    0x08000ebe   0x08000ebe   0x00000016   Code   RO          227    i.ADC_SoftwareStartConvCmd  stm32f10x_adc.o
    0x08000ed4   0x08000ed4   0x0000000a   Code   RO          229    i.ADC_StartCalibration  stm32f10x_adc.o
    0x08000ede   0x08000ede   0x00000002   PAD
    0x08000ee0   0x08000ee0   0x00000024   Code   RO         3468    i.AD_GetValue       ad.o
    0x08000f04   0x08000f04   0x000000a0   Code   RO         3469    i.AD_Init           ad.o
    0x08000fa4   0x08000fa4   0x00000024   Code   RO         3486    i.AT_ClienID        serial2.o
    0x08000fc8   0x08000fc8   0x00000024   Code   RO         3487    i.AT_Distrubute     serial2.o
    0x08000fec   0x08000fec   0x00000040   Code   RO         3488    i.AT_Init           serial2.o
    0x0800102c   0x0800102c   0x00000020   Code   RO         3489    i.AT_MQTTConnect    serial2.o
    0x0800104c   0x0800104c   0x00000030   Code   RO         3490    i.AT_MQTTMesseage   serial2.o
    0x0800107c   0x0800107c   0x00000018   Code   RO         3491    i.AT_NETOPEN        serial2.o
    0x08001094   0x08001094   0x0000002c   Code   RO         3492    i.AT_Out            serial2.o
    0x080010c0   0x080010c0   0x00000020   Code   RO         3493    i.AT_TopicOut       serial2.o
    0x080010e0   0x080010e0   0x00000004   Code   RO         3689    i.BusFault_Handler  stm32f10x_it.o
    0x080010e4   0x080010e4   0x00000040   Code   RO         3494    i.CreateAndSendCommand  serial2.o
    0x08001124   0x08001124   0x00000002   Code   RO         3690    i.DebugMon_Handler  stm32f10x_it.o
    0x08001126   0x08001126   0x00000018   Code   RO         3196    i.Delay_ms          delay.o
    0x0800113e   0x0800113e   0x0000002e   Code   RO         3198    i.Delay_us          delay.o
    0x0800116c   0x0800116c   0x00000116   Code   RO         1347    i.GPIO_Init         stm32f10x_gpio.o
    0x08001282   0x08001282   0x00000004   Code   RO         1355    i.GPIO_SetBits      stm32f10x_gpio.o
    0x08001286   0x08001286   0x0000000a   Code   RO         1358    i.GPIO_WriteBit     stm32f10x_gpio.o
    0x08001290   0x08001290   0x0000008e   Code   RO         3495    i.GPS_FEN           serial2.o
    0x0800131e   0x0800131e   0x00000068   Code   RO         3496    i.GPS_Get           serial2.o
    0x08001386   0x08001386   0x00000002   PAD
    0x08001388   0x08001388   0x000000b0   Code   RO         3497    i.GPS_GetReal       serial2.o
    0x08001438   0x08001438   0x00000068   Code   RO         3498    i.GPS_Send          serial2.o
    0x080014a0   0x080014a0   0x00000074   Code   RO         3499    i.GPS_min           serial2.o
    0x08001514   0x08001514   0x00000018   Code   RO         3500    i.GPS_open          serial2.o
    0x0800152c   0x0800152c   0x00000004   Code   RO         3691    i.HardFault_Handler  stm32f10x_it.o
    0x08001530   0x08001530   0x00000034   Code   RO         3226    i.LED_Init          led.o
    0x08001564   0x08001564   0x00000078   Code   RO         3501    i.Lock_Do           serial2.o
    0x080015dc   0x080015dc   0x00000004   Code   RO         3692    i.MemManage_Handler  stm32f10x_it.o
    0x080015e0   0x080015e0   0x00000002   Code   RO         3693    i.NMI_Handler       stm32f10x_it.o
    0x080015e2   0x080015e2   0x00000002   PAD
    0x080015e4   0x080015e4   0x00000070   Code   RO          137    i.NVIC_Init         misc.o
    0x08001654   0x08001654   0x00000014   Code   RO          138    i.NVIC_PriorityGroupConfig  misc.o
    0x08001668   0x08001668   0x0000002a   Code   RO         3289    i.OLED_Clear        oled.o
    0x08001692   0x08001692   0x00000002   PAD
    0x08001694   0x08001694   0x00000050   Code   RO         3290    i.OLED_I2C_Init     oled.o
    0x080016e4   0x080016e4   0x00000054   Code   RO         3291    i.OLED_I2C_SendByte  oled.o
    0x08001738   0x08001738   0x00000034   Code   RO         3292    i.OLED_I2C_Start    oled.o
    0x0800176c   0x0800176c   0x00000028   Code   RO         3293    i.OLED_I2C_Stop     oled.o
    0x08001794   0x08001794   0x000000ae   Code   RO         3294    i.OLED_Init         oled.o
    0x08001842   0x08001842   0x00000014   Code   RO         3295    i.OLED_Pow          oled.o
    0x08001856   0x08001856   0x00000022   Code   RO         3296    i.OLED_SetCursor    oled.o
    0x08001878   0x08001878   0x00000074   Code   RO         3298    i.OLED_ShowChar     oled.o
    0x080018ec   0x080018ec   0x00000044   Code   RO         3300    i.OLED_ShowNum      oled.o
    0x08001930   0x08001930   0x00000028   Code   RO         3302    i.OLED_ShowString   oled.o
    0x08001958   0x08001958   0x00000020   Code   RO         3303    i.OLED_WriteCommand  oled.o
    0x08001978   0x08001978   0x00000020   Code   RO         3304    i.OLED_WriteData    oled.o
    0x08001998   0x08001998   0x00000002   Code   RO         3694    i.PendSV_Handler    stm32f10x_it.o
    0x0800199a   0x0800199a   0x00000002   PAD
    0x0800199c   0x0800199c   0x00000018   Code   RO         1773    i.RCC_ADCCLKConfig  stm32f10x_rcc.o
    0x080019b4   0x080019b4   0x00000020   Code   RO         1775    i.RCC_APB1PeriphClockCmd  stm32f10x_rcc.o
    0x080019d4   0x080019d4   0x00000020   Code   RO         1777    i.RCC_APB2PeriphClockCmd  stm32f10x_rcc.o
    0x080019f4   0x080019f4   0x000000d4   Code   RO         1785    i.RCC_GetClocksFreq  stm32f10x_rcc.o
    0x08001ac8   0x08001ac8   0x00000002   Code   RO         3695    i.SVC_Handler       stm32f10x_it.o
    0x08001aca   0x08001aca   0x00000002   PAD
    0x08001acc   0x08001acc   0x00000058   Code   RO         3502    i.Send_Command      serial2.o
    0x08001b24   0x08001b24   0x000000b8   Code   RO         3397    i.Serial_Init       serial.o
    0x08001bdc   0x08001bdc   0x000000b4   Code   RO         3503    i.Serial_Init2      serial2.o
    0x08001c90   0x08001c90   0x0000001a   Code   RO         3400    i.Serial_SendArray  serial.o
    0x08001caa   0x08001caa   0x00000002   PAD
    0x08001cac   0x08001cac   0x00000020   Code   RO         3401    i.Serial_SendByte   serial.o
    0x08001ccc   0x08001ccc   0x00000008   Code   RO           24    i.SetSysClock       system_stm32f10x.o
    0x08001cd4   0x08001cd4   0x000000e0   Code   RO           25    i.SetSysClockTo72   system_stm32f10x.o
    0x08001db4   0x08001db4   0x00000002   Code   RO         3696    i.SysTick_Handler   stm32f10x_it.o
    0x08001db6   0x08001db6   0x00000002   PAD
    0x08001db8   0x08001db8   0x00000060   Code   RO           27    i.SystemInit        system_stm32f10x.o
    0x08001e18   0x08001e18   0x000000a0   Code   RO         3404    i.USART1_IRQHandler  serial.o
    0x08001eb8   0x08001eb8   0x000000e8   Code   RO         3504    i.USART2_IRQHandler  serial2.o
    0x08001fa0   0x08001fa0   0x0000001e   Code   RO         2957    i.USART_ClearITPendingBit  stm32f10x_usart.o
    0x08001fbe   0x08001fbe   0x00000018   Code   RO         2960    i.USART_Cmd         stm32f10x_usart.o
    0x08001fd6   0x08001fd6   0x0000001a   Code   RO         2963    i.USART_GetFlagStatus  stm32f10x_usart.o
    0x08001ff0   0x08001ff0   0x00000054   Code   RO         2964    i.USART_GetITStatus  stm32f10x_usart.o
    0x08002044   0x08002044   0x0000004a   Code   RO         2966    i.USART_ITConfig    stm32f10x_usart.o
    0x0800208e   0x0800208e   0x00000002   PAD
    0x08002090   0x08002090   0x000000d8   Code   RO         2967    i.USART_Init        stm32f10x_usart.o
    0x08002168   0x08002168   0x0000000a   Code   RO         2974    i.USART_ReceiveData  stm32f10x_usart.o
    0x08002172   0x08002172   0x00000008   Code   RO         2977    i.USART_SendData    stm32f10x_usart.o
    0x0800217a   0x0800217a   0x00000004   Code   RO         3697    i.UsageFault_Handler  stm32f10x_it.o
    0x0800217e   0x0800217e   0x00000002   PAD
    0x08002180   0x08002180   0x00000028   Code   RO         4004    i.__0sprintf        mc_w.l(printfa.o)
    0x080021a8   0x080021a8   0x0000000c   Code   RO         4066    i.__read_errno      mc_w.l(errno.o)
    0x080021b4   0x080021b4   0x0000000e   Code   RO         4108    i.__scatterload_copy  mc_w.l(handlers.o)
    0x080021c2   0x080021c2   0x00000002   Code   RO         4109    i.__scatterload_null  mc_w.l(handlers.o)
    0x080021c4   0x080021c4   0x0000000e   Code   RO         4110    i.__scatterload_zeroinit  mc_w.l(handlers.o)
    0x080021d2   0x080021d2   0x00000002   PAD
    0x080021d4   0x080021d4   0x0000000c   Code   RO         4067    i.__set_errno       mc_w.l(errno.o)
    0x080021e0   0x080021e0   0x00000184   Code   RO         4009    i._fp_digits        mc_w.l(printfa.o)
    0x08002364   0x08002364   0x0000000e   Code   RO         4097    i._is_digit         mc_w.l(scanf_fp.o)
    0x08002372   0x08002372   0x00000002   PAD
    0x08002374   0x08002374   0x000006dc   Code   RO         4010    i._printf_core      mc_w.l(printfa.o)
    0x08002a50   0x08002a50   0x00000024   Code   RO         4011    i._printf_post_padding  mc_w.l(printfa.o)
    0x08002a74   0x08002a74   0x0000002e   Code   RO         4012    i._printf_pre_padding  mc_w.l(printfa.o)
    0x08002aa2   0x08002aa2   0x0000000a   Code   RO         4014    i._sputc            mc_w.l(printfa.o)
    0x08002aac   0x08002aac   0x0000002a   Code   RO         3753    i.atof              m_ws.l(atof.o)
    0x08002ad6   0x08002ad6   0x00000002   PAD
    0x08002ad8   0x08002ad8   0x00000178   Code   RO         3628    i.main              main.o
    0x08002c50   0x08002c50   0x00000030   Code   RO         3629    i.unLockBikeCommand1  main.o
    0x08002c80   0x08002c80   0x00000036   Code   RO         3630    i.unLockBikeCommand2  main.o
    0x08002cb6   0x08002cb6   0x00000036   Code   RO         3631    i.unLockBikeCommand3  main.o
    0x08002cec   0x08002cec   0x000005f0   Data   RO         3305    .constdata          oled.o
    0x080032dc   0x080032dc   0x00000005   Data   RO         3506    .constdata          serial2.o
    0x080032e1   0x080032e1   0x00000040   Data   RO         4102    .constdata          mc_w.l(ctype_c.o)
    0x08003321   0x08003321   0x00000003   PAD
    0x08003324   0x08003324   0x00000020   Data   RO         4106    Region$$Table       anon$$obj.o


    Execution Region RW_IRAM1 (Exec base: 0x20000000, Load base: 0x08003344, Size: 0x000009a0, Max: 0x00005000, ABSOLUTE)

    Exec Addr    Load Addr    Size         Type   Attr      Idx    E Section Name        Object

    0x20000000   0x08003344   0x00000014   Data   RW         1805    .data               stm32f10x_rcc.o
    0x20000014   0x08003358   0x00000003   Data   RW         3407    .data               serial.o
    0x20000017   0x0800335b   0x00000001   PAD
    0x20000018   0x0800335c   0x00000008   Data   RW         3507    .data               serial2.o
    0x20000020   0x08003364   0x00000010   Data   RW         3632    .data               main.o
    0x20000030   0x08003374   0x00000004   Data   RW         4068    .data               mc_w.l(errno.o)
    0x20000034        -       0x000003e8   Zero   RW         3406    .bss                serial.o
    0x2000041c        -       0x00000180   Zero   RW         3505    .bss                serial2.o
    0x2000059c   0x08003378   0x00000004   PAD
    0x200005a0        -       0x00000400   Zero   RW            1    STACK               startup_stm32f10x_md.o


==============================================================================

Image component sizes


      Code (inc. data)   RO Data    RW Data    ZI Data      Debug   Object Name

       196         14          0          0          0       1036   ad.o
         0          0          0          0          0       4508   core_cm3.o
        70          0          0          0          0        922   delay.o
        52          6          0          0          0        459   led.o
       532         54          0         16          0       2361   main.o
       132         22          0          0          0     213759   misc.o
       814         22       1520          0          0       7521   oled.o
       402         34          0          3       1000       2971   serial.o
      1666        326          5          8        384      11822   serial2.o
        36          8        236          0       1024        808   startup_stm32f10x_md.o
       394         10          0          0          0      18265   stm32f10x_adc.o
       292          0          0          0          0      11235   stm32f10x_gpio.o
        26          0          0          0          0       3722   stm32f10x_it.o
       300         38          0         20          0      13461   stm32f10x_rcc.o
       472          6          0          0          0      12459   stm32f10x_usart.o
       328         28          0          0          0      24881   system_stm32f10x.o

    ----------------------------------------------------------------------
      5732        568       1793         48       2412     330190   Object Totals
         0          0         32          0          0          0   (incl. Generated)
        20          0          0          1          4          0   (incl. Padding)

    ----------------------------------------------------------------------

      Code (inc. data)   RO Data    RW Data    ZI Data      Debug   Library Member Name

        42          0          0          0          0         84   atof.o
        64          0          0          0          0         84   _sgetc.o
        40          6         64          0          0         68   ctype_c.o
         0          0          0          0          0          0   entry.o
         0          0          0          0          0          0   entry10a.o
         0          0          0          0          0          0   entry11a.o
         8          4          0          0          0          0   entry2.o
         4          0          0          0          0          0   entry5.o
         0          0          0          0          0          0   entry7b.o
         0          0          0          0          0          0   entry8b.o
         8          4          0          0          0          0   entry9a.o
        24         12          0          4          0        136   errno.o
        30          0          0          0          0          0   handlers.o
        36          8          0          0          0         68   init.o
        10          0          0          0          0         68   isspace_c.o
         0          0          0          0          0          0   iusefp.o
        30          0          0          0          0         68   llshl.o
        36          0          0          0          0         68   llsshr.o
        32          0          0          0          0         68   llushr.o
        36          0          0          0          0        108   memseta.o
      2276         86          0          0          0        520   printfa.o
       878         12          0          0          0        216   scanf_fp.o
        24          0          0          0          0         68   strcat.o
        18          0          0          0          0         68   strcpy.o
        24          0          0          0          0         76   strncpy.o
        36          0          0          0          0         80   strstr.o
       156         12          0          0          0        120   strtod.o
        44          0          0          0          0         80   uidiv.o
        98          0          0          0          0         92   uldiv.o
        48          0          0          0          0         68   cdrcmple.o
        56          0          0          0          0         88   d2f.o
       334          0          0          0          0        148   dadd.o
       222          0          0          0          0        100   ddiv.o
       186          0          0          0          0        176   depilogue.o
        48          0          0          0          0         68   dfixul.o
        24          0          0          0          0         76   dfltul.o
       228          0          0          0          0         96   dmul.o
        38          0          0          0          0         68   f2d.o
       124          0          0          0          0         88   fdiv.o
       110          0          0          0          0        168   fepilogue.o
        40          0          0          0          0         68   ffixui.o
        10          0          0          0          0         68   ffltui.o
       100          0          0          0          0         76   fmul.o

    ----------------------------------------------------------------------
      5532        144         67          4          0       3496   Library Totals
        10          0          3          0          0          0   (incl. Padding)

    ----------------------------------------------------------------------

      Code (inc. data)   RO Data    RW Data    ZI Data      Debug   Library Name

        42          0          0          0          0         84   m_ws.l
      3912        144         64          4          0       2056   mc_w.l
      1568          0          0          0          0       1356   mf_w.l

    ----------------------------------------------------------------------
      5532        144         67          4          0       3496   Library Totals

    ----------------------------------------------------------------------

==============================================================================


      Code (inc. data)   RO Data    RW Data    ZI Data      Debug   

     11264        712       1860         52       2412     327754   Grand Totals
     11264        712       1860         52       2412     327754   ELF Image Totals
     11264        712       1860         52          0          0   ROM Totals

==============================================================================

    Total RO  Size (Code + RO Data)                13124 (  12.82kB)
    Total RW  Size (RW Data + ZI Data)              2464 (   2.41kB)
    Total ROM Size (Code + RO Data + RW Data)      13176 (  12.87kB)

==============================================================================

